Archive member included because of file (symbol)

c:/infineon/tools/dave ide/4.5.0.202105191637/eclipse/arm-gcc-49/bin/../lib/gcc/arm-none-eabi/4.9.3/armv7e-m/softfp\libgcc.a(_aeabi_uldivmod.o)
                              ./Dave/Generated/TIMER/timer.o (__aeabi_uldivmod)
c:/infineon/tools/dave ide/4.5.0.202105191637/eclipse/arm-gcc-49/bin/../lib/gcc/arm-none-eabi/4.9.3/armv7e-m/softfp\libgcc.a(bpabi.o)
                              c:/infineon/tools/dave ide/4.5.0.202105191637/eclipse/arm-gcc-49/bin/../lib/gcc/arm-none-eabi/4.9.3/armv7e-m/softfp\libgcc.a(_aeabi_uldivmod.o) (__gnu_uldivmod_helper)
c:/infineon/tools/dave ide/4.5.0.202105191637/eclipse/arm-gcc-49/bin/../lib/gcc/arm-none-eabi/4.9.3/armv7e-m/softfp\libgcc.a(_dvmd_tls.o)
                              c:/infineon/tools/dave ide/4.5.0.202105191637/eclipse/arm-gcc-49/bin/../lib/gcc/arm-none-eabi/4.9.3/armv7e-m/softfp\libgcc.a(_aeabi_uldivmod.o) (__aeabi_ldiv0)
c:/infineon/tools/dave ide/4.5.0.202105191637/eclipse/arm-gcc-49/bin/../lib/gcc/arm-none-eabi/4.9.3/armv7e-m/softfp\libgcc.a(_divdi3.o)
                              c:/infineon/tools/dave ide/4.5.0.202105191637/eclipse/arm-gcc-49/bin/../lib/gcc/arm-none-eabi/4.9.3/armv7e-m/softfp\libgcc.a(bpabi.o) (__divdi3)
c:/infineon/tools/dave ide/4.5.0.202105191637/eclipse/arm-gcc-49/bin/../lib/gcc/arm-none-eabi/4.9.3/armv7e-m/softfp\libgcc.a(_udivdi3.o)
                              c:/infineon/tools/dave ide/4.5.0.202105191637/eclipse/arm-gcc-49/bin/../lib/gcc/arm-none-eabi/4.9.3/armv7e-m/softfp\libgcc.a(bpabi.o) (__udivdi3)
c:/infineon/tools/dave ide/4.5.0.202105191637/eclipse/arm-gcc-49/bin/../lib/gcc/arm-none-eabi/4.9.3/../../../../arm-none-eabi/lib/armv7e-m/softfp\libg_nano.a(lib_a-errno.o)
                              ./Libraries/Newlib/syscalls.o (__errno)
c:/infineon/tools/dave ide/4.5.0.202105191637/eclipse/arm-gcc-49/bin/../lib/gcc/arm-none-eabi/4.9.3/../../../../arm-none-eabi/lib/armv7e-m/softfp\libg_nano.a(lib_a-impure.o)
                              c:/infineon/tools/dave ide/4.5.0.202105191637/eclipse/arm-gcc-49/bin/../lib/gcc/arm-none-eabi/4.9.3/../../../../arm-none-eabi/lib/armv7e-m/softfp\libg_nano.a(lib_a-errno.o) (_impure_ptr)
c:/infineon/tools/dave ide/4.5.0.202105191637/eclipse/arm-gcc-49/bin/../lib/gcc/arm-none-eabi/4.9.3/../../../../arm-none-eabi/lib/armv7e-m/softfp\libg_nano.a(lib_a-init.o)
                              ./Startup/startup_XMC4200.o (__libc_init_array)
c:/infineon/tools/dave ide/4.5.0.202105191637/eclipse/arm-gcc-49/bin/../lib/gcc/arm-none-eabi/4.9.3/../../../../arm-none-eabi/lib/armv7e-m/softfp\libg_nano.a(lib_a-memcpy.o)
                              ./Libraries/XMCLib/src/xmc_usbd.o (memcpy)
c:/infineon/tools/dave ide/4.5.0.202105191637/eclipse/arm-gcc-49/bin/../lib/gcc/arm-none-eabi/4.9.3/../../../../arm-none-eabi/lib/armv7e-m/softfp\libg_nano.a(lib_a-memset.o)
                              ./Libraries/XMCLib/src/xmc_usbd.o (memset)
c:/infineon/tools/dave ide/4.5.0.202105191637/eclipse/arm-gcc-49/bin/../lib/gcc/arm-none-eabi/4.9.3/../../../../arm-none-eabi/lib/armv7e-m/softfp\libg_nano.a(lib_a-snprintf.o)
                              ./sources/uart.o (snprintf)
c:/infineon/tools/dave ide/4.5.0.202105191637/eclipse/arm-gcc-49/bin/../lib/gcc/arm-none-eabi/4.9.3/../../../../arm-none-eabi/lib/armv7e-m/softfp\libg_nano.a(lib_a-sprintf.o)
                              ./sources/lcd.o (sprintf)
c:/infineon/tools/dave ide/4.5.0.202105191637/eclipse/arm-gcc-49/bin/../lib/gcc/arm-none-eabi/4.9.3/../../../../arm-none-eabi/lib/armv7e-m/softfp\libg_nano.a(lib_a-strlen.o)
                              ./sources/uart.o (strlen)
c:/infineon/tools/dave ide/4.5.0.202105191637/eclipse/arm-gcc-49/bin/../lib/gcc/arm-none-eabi/4.9.3/../../../../arm-none-eabi/lib/armv7e-m/softfp\libg_nano.a(lib_a-nano-svfprintf.o)
                              c:/infineon/tools/dave ide/4.5.0.202105191637/eclipse/arm-gcc-49/bin/../lib/gcc/arm-none-eabi/4.9.3/../../../../arm-none-eabi/lib/armv7e-m/softfp\libg_nano.a(lib_a-snprintf.o) (_svfprintf_r)
c:/infineon/tools/dave ide/4.5.0.202105191637/eclipse/arm-gcc-49/bin/../lib/gcc/arm-none-eabi/4.9.3/../../../../arm-none-eabi/lib/armv7e-m/softfp\libg_nano.a(lib_a-nano-vfprintf_i.o)
                              c:/infineon/tools/dave ide/4.5.0.202105191637/eclipse/arm-gcc-49/bin/../lib/gcc/arm-none-eabi/4.9.3/../../../../arm-none-eabi/lib/armv7e-m/softfp\libg_nano.a(lib_a-nano-svfprintf.o) (_printf_i)
c:/infineon/tools/dave ide/4.5.0.202105191637/eclipse/arm-gcc-49/bin/../lib/gcc/arm-none-eabi/4.9.3/../../../../arm-none-eabi/lib/armv7e-m/softfp\libg_nano.a(lib_a-memchr.o)
                              c:/infineon/tools/dave ide/4.5.0.202105191637/eclipse/arm-gcc-49/bin/../lib/gcc/arm-none-eabi/4.9.3/../../../../arm-none-eabi/lib/armv7e-m/softfp\libg_nano.a(lib_a-nano-svfprintf.o) (memchr)
[...]
Memory Configuration

Name             Origin             Length             Attributes
FLASH_1_cached   0x08000000         0x00040000         xr
FLASH_1_uncached 0x0c000000         0x00040000         xr
PSRAM_1          0x1fffc000         0x00004000         !xr
DSRAM_1_system   0x20000000         0x00006000         !xr
SRAM_combined    0x1fffc000         0x0000a000         !xr
*default*        0x00000000         0xffffffff

Linker script and memory map

LOAD ./sources/adc.o
LOAD ./sources/aht10.o
LOAD ./sources/app.o
LOAD ./sources/can_app.o
LOAD ./sources/lcd.o
LOAD ./sources/led.o
LOAD ./sources/main.o
LOAD ./sources/uart.o
LOAD ./Startup/startup_XMC4200.o
LOAD ./Startup/system_XMC4200.o
LOAD ./Libraries/XMCLib/src/xmc4_eru.o
LOAD ./Libraries/XMCLib/src/xmc4_flash.o
LOAD ./Libraries/XMCLib/src/xmc4_gpio.o
LOAD ./Libraries/XMCLib/src/xmc4_rtc.o
LOAD ./Libraries/XMCLib/src/xmc4_scu.o
LOAD ./Libraries/XMCLib/src/xmc_can.o
LOAD ./Libraries/XMCLib/src/xmc_ccu4.o
LOAD ./Libraries/XMCLib/src/xmc_ccu8.o
LOAD ./Libraries/XMCLib/src/xmc_common.o
LOAD ./Libraries/XMCLib/src/xmc_dac.o
LOAD ./Libraries/XMCLib/src/xmc_dma.o
LOAD ./Libraries/XMCLib/src/xmc_dsd.o
LOAD ./Libraries/XMCLib/src/xmc_ebu.o
LOAD ./Libraries/XMCLib/src/xmc_ecat.o
LOAD ./Libraries/XMCLib/src/xmc_eru.o
LOAD ./Libraries/XMCLib/src/xmc_eth_mac.o
LOAD ./Libraries/XMCLib/src/xmc_eth_phy_dp83848.o
LOAD ./Libraries/XMCLib/src/xmc_eth_phy_ksz8031rnl.o
LOAD ./Libraries/XMCLib/src/xmc_eth_phy_ksz8081rnb.o
LOAD ./Libraries/XMCLib/src/xmc_fce.o
LOAD ./Libraries/XMCLib/src/xmc_gpio.o
LOAD ./Libraries/XMCLib/src/xmc_hrpwm.o
LOAD ./Libraries/XMCLib/src/xmc_i2c.o
LOAD ./Libraries/XMCLib/src/xmc_i2s.o
LOAD ./Libraries/XMCLib/src/xmc_ledts.o
LOAD ./Libraries/XMCLib/src/xmc_posif.o
LOAD ./Libraries/XMCLib/src/xmc_rtc.o
LOAD ./Libraries/XMCLib/src/xmc_sdmmc.o
LOAD ./Libraries/XMCLib/src/xmc_spi.o
LOAD ./Libraries/XMCLib/src/xmc_uart.o
LOAD ./Libraries/XMCLib/src/xmc_usbd.o
LOAD ./Libraries/XMCLib/src/xmc_usbh.o
LOAD ./Libraries/XMCLib/src/xmc_usic.o
LOAD ./Libraries/XMCLib/src/xmc_vadc.o
LOAD ./Libraries/XMCLib/src/xmc_wdt.o
LOAD ./Libraries/Newlib/syscalls.o
LOAD ./Dave/Generated/UART/uart.o
LOAD ./Dave/Generated/UART/uart_conf.o
LOAD ./Dave/Generated/TIMER/timer.o
LOAD ./Dave/Generated/TIMER/timer_conf.o
LOAD ./Dave/Generated/PIN_INTERRUPT/pin_interrupt.o
LOAD ./Dave/Generated/PIN_INTERRUPT/pin_interrupt_conf.o
LOAD ./Dave/Generated/INTERRUPT/interrupt.o
LOAD ./Dave/Generated/INTERRUPT/interrupt_conf.o
LOAD ./Dave/Generated/I2C_MASTER/i2c_master.o
LOAD ./Dave/Generated/I2C_MASTER/i2c_master_conf.o
LOAD ./Dave/Generated/GLOBAL_CCU4/global_ccu4.o
LOAD ./Dave/Generated/GLOBAL_CCU4/global_ccu4_conf.o
LOAD ./Dave/Generated/GLOBAL_CAN/global_can.o
LOAD ./Dave/Generated/GLOBAL_CAN/global_can_conf.o
LOAD ./Dave/Generated/GLOBAL_ADC/global_adc.o
LOAD ./Dave/Generated/GLOBAL_ADC/global_adc_conf.o
LOAD ./Dave/Generated/DIGITAL_IO/digital_io.o
LOAD ./Dave/Generated/DIGITAL_IO/digital_io_conf.o
LOAD ./Dave/Generated/CPU_CTRL_XMC4/cpu_ctrl_xmc4.o
LOAD ./Dave/Generated/CPU_CTRL_XMC4/cpu_ctrl_xmc4_conf.o
LOAD ./Dave/Generated/CLOCK_XMC4/clock_xmc4.o
LOAD ./Dave/Generated/CLOCK_XMC4/clock_xmc4_conf.o
LOAD ./Dave/Generated/CAN_NODE/can_node.o
LOAD ./Dave/Generated/CAN_NODE/can_node_conf.o
LOAD ./Dave/Generated/ADC_MEASUREMENT/adc_measurement.o
LOAD ./Dave/Generated/ADC_MEASUREMENT/adc_measurement_conf.o
LOAD ./Dave/Generated/DAVE.o
LOAD c:/infineon/tools/dave ide/4.5.0.202105191637/eclipse/arm-gcc-49/bin/../lib/gcc/arm-none-eabi/4.9.3/../../../../arm-none-eabi/lib/armv7e-m/softfp\libm.a
START GROUP
LOAD c:/infineon/tools/dave ide/4.5.0.202105191637/eclipse/arm-gcc-49/bin/../lib/gcc/arm-none-eabi/4.9.3/armv7e-m/softfp\libgcc.a
LOAD c:/infineon/tools/dave ide/4.5.0.202105191637/eclipse/arm-gcc-49/bin/../lib/gcc/arm-none-eabi/4.9.3/../../../../arm-none-eabi/lib/armv7e-m/softfp\libg_nano.a
LOAD c:/infineon/tools/dave ide/4.5.0.202105191637/eclipse/arm-gcc-49/bin/../lib/gcc/arm-none-eabi/4.9.3/../../../../arm-none-eabi/lib/armv7e-m/softfp\libc_nano.a
END GROUP
START GROUP
LOAD c:/infineon/tools/dave ide/4.5.0.202105191637/eclipse/arm-gcc-49/bin/../lib/gcc/arm-none-eabi/4.9.3/armv7e-m/softfp\libgcc.a
LOAD c:/infineon/tools/dave ide/4.5.0.202105191637/eclipse/arm-gcc-49/bin/../lib/gcc/arm-none-eabi/4.9.3/../../../../arm-none-eabi/lib/armv7e-m/softfp\libc_nano.a
LOAD c:/infineon/tools/dave ide/4.5.0.202105191637/eclipse/arm-gcc-49/bin/../lib/gcc/arm-none-eabi/4.9.3/../../../../arm-none-eabi/lib/armv7e-m/softfp\libnosys.a
END GROUP
START GROUP
LOAD c:/infineon/tools/dave ide/4.5.0.202105191637/eclipse/arm-gcc-49/bin/../lib/gcc/arm-none-eabi/4.9.3/armv7e-m/softfp\libgcc.a
LOAD c:/infineon/tools/dave ide/4.5.0.202105191637/eclipse/arm-gcc-49/bin/../lib/gcc/arm-none-eabi/4.9.3/../../../../arm-none-eabi/lib/armv7e-m/softfp\libc_nano.a
LOAD c:/infineon/tools/dave ide/4.5.0.202105191637/eclipse/arm-gcc-49/bin/../lib/gcc/arm-none-eabi/4.9.3/../../../../arm-none-eabi/lib/armv7e-m/softfp\libnosys.a
END GROUP
                0x00000800                stack_size = DEFINED (stack_size)?stack_size:0x800
                0x00000040                no_init_size = 0x40

.text           0x08000000     0x630c load address 0x0c000000
                0x08000000                sText = .
 *(.reset)
 .reset         0x08000000      0x294 ./Startup/startup_XMC4200.o
                0x08000000                __Vectors
                0x08000200                Reset_Handler
                0x08000290                DebugMon_Handler
                0x08000290                VADC0_C0_0_IRQHandler
                0x08000290                CAN0_4_IRQHandler
                0x08000290                POSIF0_0_IRQHandler
                0x08000290                HardFault_Handler
                0x08000290                VADC0_G1_1_IRQHandler
                0x08000290                SysTick_Handler
                0x08000290                PendSV_Handler
                0x08000290                NMI_Handler
                0x08000290                USIC1_3_IRQHandler
                0x08000290                CCU40_2_IRQHandler
                0x08000290                SCU_0_IRQHandler
                0x08000290                ERU0_0_IRQHandler
                0x08000290                CCU41_0_IRQHandler
                0x08000290                USIC1_5_IRQHandler
                0x08000290                CCU80_1_IRQHandler
                0x08000290                HRPWM_0_IRQHandler
                0x08000290                HRPWM_1_IRQHandler
                0x08000290                UsageFault_Handler
                0x08000290                USIC0_0_IRQHandler
                0x08000290                ERU0_2_IRQHandler
                0x08000290                ERU1_1_IRQHandler
                0x08000290                ERU0_3_IRQHandler
                0x08000290                VADC0_C0_3_IRQHandler
                0x08000290                CAN0_6_IRQHandler
                0x08000290                VADC0_G0_1_IRQHandler
                0x08000290                USIC1_1_IRQHandler
                0x08000290                CCU40_0_IRQHandler
                0x08000290                CAN0_0_IRQHandler
                0x08000290                HRPWM_3_IRQHandler
                0x08000290                Default_Handler
                0x08000290                USIC1_4_IRQHandler
                0x08000290                ERU1_3_IRQHandler
                0x08000290                USIC1_0_IRQHandler
                0x08000290                POSIF0_1_IRQHandler
                0x08000290                VADC0_G0_0_IRQHandler
                0x08000290                CCU80_3_IRQHandler
                0x08000290                CCU41_3_IRQHandler
                0x08000290                CCU80_2_IRQHandler
                0x08000290                VADC0_G1_3_IRQHandler
                0x08000290                VADC0_G0_3_IRQHandler
                0x08000290                GPDMA0_0_IRQHandler
                0x08000290                PMU0_0_IRQHandler
                0x08000290                CAN0_7_IRQHandler
                0x08000290                CCU41_2_IRQHandler
                0x08000290                VADC0_C0_1_IRQHandler
                0x08000290                MemManage_Handler
                0x08000290                DAC0_0_IRQHandler
                0x08000290                SVC_Handler
                0x08000290                ERU1_2_IRQHandler
                0x08000290                VADC0_G1_2_IRQHandler
                0x08000290                CAN0_2_IRQHandler
                0x08000290                VADC0_G0_2_IRQHandler
                0x08000290                CAN0_3_IRQHandler
                0x08000290                HRPWM_2_IRQHandler
                0x08000290                VADC0_C0_2_IRQHandler
                0x08000290                FCE0_0_IRQHandler
                0x08000290                VADC0_G1_0_IRQHandler
                0x08000290                USB0_0_IRQHandler
                0x08000290                CAN0_5_IRQHandler
                0x08000290                CCU80_0_IRQHandler
                0x08000290                CCU40_1_IRQHandler
                0x08000290                USIC0_1_IRQHandler
                0x08000290                CCU40_3_IRQHandler
                0x08000290                BusFault_Handler
                0x08000290                LEDTS0_0_IRQHandler
                0x08000290                USIC0_4_IRQHandler
                0x08000290                ERU0_1_IRQHandler
                0x08000290                USIC1_2_IRQHandler
                0x08000290                CAN0_1_IRQHandler
                0x08000290                USIC0_2_IRQHandler
                0x08000290                DAC0_1_IRQHandler
 *(.text .text.* .gnu.linkonce.t.*)
 .text.ADC_Update
                0x08000294       0x1c ./sources/adc.o
                0x08000294                ADC_Update
 .text.ADC_GetValue
                0x080002b0       0x18 ./sources/adc.o
                0x080002b0                ADC_GetValue
 .text.APP_AHT10_Init
                0x080002c8       0x84 ./sources/aht10.o
                0x080002c8                APP_AHT10_Init
 .text.APP_AHT10_Read
                0x0800034c      0x134 ./sources/aht10.o
                0x0800034c                APP_AHT10_Read
 .text.APP_Init
                0x08000480       0x18 ./sources/app.o
                0x08000480                APP_Init
 .text.APP_Run  0x08000498       0x18 ./sources/app.o
                0x08000498                APP_Run
 .text.APP_CAN_RequestTx
                0x080004b0       0x18 ./sources/can_app.o
                0x080004b0                APP_CAN_RequestTx
 .text.APP_CAN_GetTxID
                0x080004c8       0x24 ./sources/can_app.o
                0x080004c8                APP_CAN_GetTxID
 .text.APP_CAN_NextTxID
                0x080004ec       0x2c ./sources/can_app.o
                0x080004ec                APP_CAN_NextTxID
 .text.APP_CAN_PrevTxID
                0x08000518       0x2c ./sources/can_app.o
                0x08000518                APP_CAN_PrevTxID
 .text.APP_CAN_Task
                0x08000544       0xb4 ./sources/can_app.o
                0x08000544                APP_CAN_Task
 .text.APP_CAN_Transmit
                0x080005f8       0xa8 ./sources/can_app.o
                0x080005f8                APP_CAN_Transmit
 .text.LCD_Send_Cmd
                0x080006a0       0x78 ./sources/lcd.o
                0x080006a0                LCD_Send_Cmd
 .text.LCD_Send_Data
                0x08000718       0x78 ./sources/lcd.o
                0x08000718                LCD_Send_Data
 .text.LCD_Set_Cursor
                0x08000790       0x3c ./sources/lcd.o
                0x08000790                LCD_Set_Cursor
 .text.LCD_Init
                0x080007cc       0x50 ./sources/lcd.o
                0x080007cc                LCD_Init
 .text.LCD_Send_String
                0x0800081c       0x3c ./sources/lcd.o
                0x0800081c                LCD_Send_String
 .text.LCD_Task
                0x08000858       0x54 ./sources/lcd.o
                0x08000858                LCD_Task
 .text.LCD_ShowTemperatureHumidity
                0x080008ac       0xe4 ./sources/lcd.o
                0x080008ac                LCD_ShowTemperatureHumidity
 .text.LCD_ShowCAN
                0x08000990       0x7c ./sources/lcd.o
                0x08000990                LCD_ShowCAN
 .text.LCD_SetPage
                0x08000a0c       0x20 ./sources/lcd.o
                0x08000a0c                LCD_SetPage
 .text.XMC_GPIO_SetOutputHigh
                0x08000a2c       0x20 ./sources/led.o
 .text.XMC_GPIO_ToggleOutput
                0x08000a4c       0x24 ./sources/led.o
 .text.DIGITAL_IO_SetOutputHigh
                0x08000a70       0x20 ./sources/led.o
 .text.DIGITAL_IO_ToggleOutput
                0x08000a90       0x20 ./sources/led.o
 .text.LED_Init
                0x08000ab0       0x24 ./sources/led.o
                0x08000ab0                LED_Init
 .text.LED_TimerTask
                0x08000ad4       0x38 ./sources/led.o
                0x08000ad4                LED_TimerTask
 .text.LED_ButtonTask
                0x08000b0c       0x30 ./sources/led.o
                0x08000b0c                LED_ButtonTask
 .text.LED_SetSpeed
                0x08000b3c       0x1c ./sources/led.o
                0x08000b3c                LED_SetSpeed
 .text.CCU41_1_IRQHandler
                0x08000b58       0x2c ./sources/main.o
                0x08000b58                CCU41_1_IRQHandler
 .text.ERU1_0_IRQHandler
                0x08000b84        0xc ./sources/main.o
                0x08000b84                ERU1_0_IRQHandler
 .text.main     0x08000b90       0x1c ./sources/main.o
                0x08000b90                main
 .text.APP_UART_SendString
                0x08000bac       0x24 ./sources/uart.o
                0x08000bac                APP_UART_SendString
 .text.APP_UART_Init
                0x08000bd0       0x10 ./sources/uart.o
                0x08000bd0                APP_UART_Init
 .text.APP_UART_Task
                0x08000be0       0x38 ./sources/uart.o
                0x08000be0                APP_UART_Task
 .text.APP_UART_ProcessCommand
                0x08000c18      0x320 ./sources/uart.o
                0x08000c18                APP_UART_ProcessCommand
 .text.SystemInit
                0x08000f38       0x34 ./Startup/system_XMC4200.o
                0x08000f38                SystemInit
 .text.SystemCoreClockUpdate
                0x08000f6c       0xd4 ./Startup/system_XMC4200.o
                0x08000f6c                SystemCoreClockUpdate
 .text.XMC_ERU_Enable
                0x08001040       0x2c ./Libraries/XMCLib/src/xmc4_eru.o
                0x08001040                XMC_ERU_Enable
 .text.XMC_GPIO_Init
                0x0800106c      0x140 ./Libraries/XMCLib/src/xmc4_gpio.o
                0x0800106c                XMC_GPIO_Init
 .text.XMC_SCU_CLOCK_GetCpuClockFrequency
                0x080011ac       0x18 ./Libraries/XMCLib/src/xmc4_scu.o
 .text.XMC_SCU_GetMirrorStatus
                0x080011c4       0x18 ./Libraries/XMCLib/src/xmc4_scu.o
 .text.XMC_SCU_lDelay
                0x080011dc       0x44 ./Libraries/XMCLib/src/xmc4_scu.o
 .text.XMC_SCU_INTERUPT_GetEventStatus
                0x08001220       0x18 ./Libraries/XMCLib/src/xmc4_scu.o
                0x08001220                XMC_SCU_INTERUPT_GetEventStatus
 .text.XMC_SCU_INTERRUPT_ClearEventStatus
                0x08001238       0x1c ./Libraries/XMCLib/src/xmc4_scu.o
                0x08001238                XMC_SCU_INTERRUPT_ClearEventStatus
 .text.XMC_SCU_CLOCK_Init
                0x08001254       0xf8 ./Libraries/XMCLib/src/xmc4_scu.o
                0x08001254                XMC_SCU_CLOCK_Init
 .text.XMC_SCU_RESET_DeassertPeripheralReset
                0x0800134c       0x38 ./Libraries/XMCLib/src/xmc4_scu.o
                0x0800134c                XMC_SCU_RESET_DeassertPeripheralReset
 .text.XMC_SCU_RESET_IsPeripheralResetAsserted
                0x08001384       0x48 ./Libraries/XMCLib/src/xmc4_scu.o
                0x08001384                XMC_SCU_RESET_IsPeripheralResetAsserted
 .text.XMC_SCU_CLOCK_GetPeripheralClockFrequency
                0x080013cc       0x20 ./Libraries/XMCLib/src/xmc4_scu.o
                0x080013cc                XMC_SCU_CLOCK_GetPeripheralClockFrequency
 .text.XMC_SCU_CLOCK_SetSystemClockSource
                0x080013ec       0x28 ./Libraries/XMCLib/src/xmc4_scu.o
                0x080013ec                XMC_SCU_CLOCK_SetSystemClockSource
 .text.XMC_SCU_CLOCK_SetUsbClockSource
                0x08001414       0x28 ./Libraries/XMCLib/src/xmc4_scu.o
                0x08001414                XMC_SCU_CLOCK_SetUsbClockSource
 .text.XMC_SCU_CLOCK_SetWdtClockSource
                0x0800143c       0x28 ./Libraries/XMCLib/src/xmc4_scu.o
                0x0800143c                XMC_SCU_CLOCK_SetWdtClockSource
 .text.XMC_SCU_CLOCK_SetSystemPllClockSource
                0x08001464       0x40 ./Libraries/XMCLib/src/xmc4_scu.o
                0x08001464                XMC_SCU_CLOCK_SetSystemPllClockSource
 .text.XMC_SCU_HIB_SetRtcClockSource
                0x080014a4       0x3c ./Libraries/XMCLib/src/xmc4_scu.o
                0x080014a4                XMC_SCU_HIB_SetRtcClockSource
 .text.XMC_SCU_HIB_SetStandbyClockSource
                0x080014e0       0x3c ./Libraries/XMCLib/src/xmc4_scu.o
                0x080014e0                XMC_SCU_HIB_SetStandbyClockSource
 .text.XMC_SCU_CLOCK_SetSystemClockDivider
                0x0800151c       0x28 ./Libraries/XMCLib/src/xmc4_scu.o
                0x0800151c                XMC_SCU_CLOCK_SetSystemClockDivider
 .text.XMC_SCU_CLOCK_SetCcuClockDivider
                0x08001544       0x28 ./Libraries/XMCLib/src/xmc4_scu.o
                0x08001544                XMC_SCU_CLOCK_SetCcuClockDivider
 .text.XMC_SCU_CLOCK_SetCpuClockDivider
                0x0800156c       0x28 ./Libraries/XMCLib/src/xmc4_scu.o
                0x0800156c                XMC_SCU_CLOCK_SetCpuClockDivider
 .text.XMC_SCU_CLOCK_SetPeripheralClockDivider
                0x08001594       0x28 ./Libraries/XMCLib/src/xmc4_scu.o
                0x08001594                XMC_SCU_CLOCK_SetPeripheralClockDivider
 .text.XMC_SCU_CLOCK_SetUsbClockDivider
                0x080015bc       0x28 ./Libraries/XMCLib/src/xmc4_scu.o
                0x080015bc                XMC_SCU_CLOCK_SetUsbClockDivider
 .text.XMC_SCU_CLOCK_SetWdtClockDivider
                0x080015e4       0x28 ./Libraries/XMCLib/src/xmc4_scu.o
                0x080015e4                XMC_SCU_CLOCK_SetWdtClockDivider
 .text.XMC_SCU_CLOCK_EnableClock
                0x0800160c       0x20 ./Libraries/XMCLib/src/xmc4_scu.o
                0x0800160c                XMC_SCU_CLOCK_EnableClock
 .text.XMC_SCU_CLOCK_UngatePeripheralClock
                0x0800162c       0x38 ./Libraries/XMCLib/src/xmc4_scu.o
                0x0800162c                XMC_SCU_CLOCK_UngatePeripheralClock
 .text.XMC_SCU_CLOCK_IsPeripheralClockGated
                0x08001664       0x48 ./Libraries/XMCLib/src/xmc4_scu.o
                0x08001664                XMC_SCU_CLOCK_IsPeripheralClockGated
 .text.XMC_SCU_CLOCK_EnableUsbPll
                0x080016ac       0x20 ./Libraries/XMCLib/src/xmc4_scu.o
                0x080016ac                XMC_SCU_CLOCK_EnableUsbPll
 .text.XMC_SCU_CLOCK_StartUsbPll
                0x080016cc       0xb4 ./Libraries/XMCLib/src/xmc4_scu.o
                0x080016cc                XMC_SCU_CLOCK_StartUsbPll
 .text.XMC_SCU_CLOCK_SetBackupClockCalibrationMode
                0x08001780       0x4c ./Libraries/XMCLib/src/xmc4_scu.o
                0x08001780                XMC_SCU_CLOCK_SetBackupClockCalibrationMode
 .text.XMC_SCU_HIB_EnableHibernateDomain
                0x080017cc       0x58 ./Libraries/XMCLib/src/xmc4_scu.o
                0x080017cc                XMC_SCU_HIB_EnableHibernateDomain
 .text.XMC_SCU_CLOCK_IsLowPowerOscillatorStable
                0x08001824       0x24 ./Libraries/XMCLib/src/xmc4_scu.o
                0x08001824                XMC_SCU_CLOCK_IsLowPowerOscillatorStable
 .text.XMC_SCU_CLOCK_EnableLowPowerOscillator
                0x08001848       0x70 ./Libraries/XMCLib/src/xmc4_scu.o
                0x08001848                XMC_SCU_CLOCK_EnableLowPowerOscillator
 .text.XMC_SCU_CLOCK_EnableHighPerformanceOscillator
                0x080018b8       0x50 ./Libraries/XMCLib/src/xmc4_scu.o
                0x080018b8                XMC_SCU_CLOCK_EnableHighPerformanceOscillator
 .text.XMC_SCU_CLOCK_IsHighPerformanceOscillatorStable
                0x08001908       0x28 ./Libraries/XMCLib/src/xmc4_scu.o
                0x08001908                XMC_SCU_CLOCK_IsHighPerformanceOscillatorStable
 .text.XMC_SCU_CLOCK_EnableSystemPll
                0x08001930       0x20 ./Libraries/XMCLib/src/xmc4_scu.o
                0x08001930                XMC_SCU_CLOCK_EnableSystemPll
 .text.XMC_SCU_CLOCK_DisableSystemPll
                0x08001950       0x20 ./Libraries/XMCLib/src/xmc4_scu.o
                0x08001950                XMC_SCU_CLOCK_DisableSystemPll
 .text.XMC_SCU_CLOCK_StartSystemPll
                0x08001970      0x19c ./Libraries/XMCLib/src/xmc4_scu.o
                0x08001970                XMC_SCU_CLOCK_StartSystemPll
 .text.XMC_SCU_CLOCK_StepSystemPllFrequency
                0x08001b0c       0x3c ./Libraries/XMCLib/src/xmc4_scu.o
                0x08001b0c                XMC_SCU_CLOCK_StepSystemPllFrequency
 .text.XMC_CAN_IsPanelControlReady
                0x08001b48       0x28 ./Libraries/XMCLib/src/xmc_can.o
 .text.XMC_CAN_PanelControl
                0x08001b70       0x3c ./Libraries/XMCLib/src/xmc_can.o
 .text.XMC_CAN_NODE_EnableConfigurationChange
                0x08001bac       0x20 ./Libraries/XMCLib/src/xmc_can.o
 .text.XMC_CAN_NODE_DisableConfigurationChange
                0x08001bcc       0x20 ./Libraries/XMCLib/src/xmc_can.o
 .text.max      0x08001bec       0x20 ./Libraries/XMCLib/src/xmc_can.o
 .text.min      0x08001c0c       0x20 ./Libraries/XMCLib/src/xmc_can.o
 .text.XMC_CAN_NODE_NominalBitTimeConfigureEx
                0x08001c2c      0x150 ./Libraries/XMCLib/src/xmc_can.o
                0x08001c2c                XMC_CAN_NODE_NominalBitTimeConfigureEx
 .text.XMC_CAN_AllocateMOtoNodeList
                0x08001d7c       0x3c ./Libraries/XMCLib/src/xmc_can.o
                0x08001d7c                XMC_CAN_AllocateMOtoNodeList
 .text.XMC_CAN_Enable
                0x08001db8       0x38 ./Libraries/XMCLib/src/xmc_can.o
                0x08001db8                XMC_CAN_Enable
 .text.XMC_CAN_SetBaudrateClockSource
                0x08001df0       0x18 ./Libraries/XMCLib/src/xmc_can.o
                0x08001df0                XMC_CAN_SetBaudrateClockSource
 .text.XMC_CAN_GetBaudrateClockFrequency
                0x08001e08       0x1c ./Libraries/XMCLib/src/xmc_can.o
                0x08001e08                XMC_CAN_GetBaudrateClockFrequency
 .text.XMC_CAN_InitEx
                0x08001e24       0x80 ./Libraries/XMCLib/src/xmc_can.o
                0x08001e24                XMC_CAN_InitEx
 .text.XMC_CAN_MO_Config
                0x08001ea4      0x138 ./Libraries/XMCLib/src/xmc_can.o
                0x08001ea4                XMC_CAN_MO_Config
 .text.XMC_CAN_MO_UpdateData
                0x08001fdc       0x70 ./Libraries/XMCLib/src/xmc_can.o
                0x08001fdc                XMC_CAN_MO_UpdateData
 .text.XMC_CAN_MO_Transmit
                0x0800204c       0x5c ./Libraries/XMCLib/src/xmc_can.o
                0x0800204c                XMC_CAN_MO_Transmit
 .text.XMC_CAN_NODE_EnableEvent
                0x080020a8       0x38 ./Libraries/XMCLib/src/xmc_can.o
                0x080020a8                XMC_CAN_NODE_EnableEvent
 .text.XMC_CCU4_StartPrescaler
                0x080020e0       0x1c ./Libraries/XMCLib/src/xmc_ccu4.o
 .text.XMC_CCU4_lDeassertReset
                0x080020fc       0x34 ./Libraries/XMCLib/src/xmc_ccu4.o
 .text.XMC_CCU4_lUngateClock
                0x08002130       0x34 ./Libraries/XMCLib/src/xmc_ccu4.o
 .text.XMC_CCU4_EnableModule
                0x08002164       0x20 ./Libraries/XMCLib/src/xmc_ccu4.o
                0x08002164                XMC_CCU4_EnableModule
 .text.XMC_CCU4_Init
                0x08002184       0x3c ./Libraries/XMCLib/src/xmc_ccu4.o
                0x08002184                XMC_CCU4_Init
 .text.XMC_CCU4_SLICE_CompareInit
                0x080021c0       0x6c ./Libraries/XMCLib/src/xmc_ccu4.o
                0x080021c0                XMC_CCU4_SLICE_CompareInit
 .text.XMC_CCU4_SLICE_SetInterruptNode
                0x0800222c       0xc8 ./Libraries/XMCLib/src/xmc_ccu4.o
                0x0800222c                XMC_CCU4_SLICE_SetInterruptNode
 .text.XMC_ERU_ETL_Init
                0x080022f4       0x4c ./Libraries/XMCLib/src/xmc_eru.o
                0x080022f4                XMC_ERU_ETL_Init
 .text.XMC_ERU_OGU_SetServiceRequestMode
                0x08002340       0x3c ./Libraries/XMCLib/src/xmc_eru.o
                0x08002340                XMC_ERU_OGU_SetServiceRequestMode
 .text.XMC_GPIO_SetMode
                0x0800237c       0x80 ./Libraries/XMCLib/src/xmc_gpio.o
                0x0800237c                XMC_GPIO_SetMode
 .text.XMC_GPIO_SetHardwareControl
                0x080023fc       0x44 ./Libraries/XMCLib/src/xmc_gpio.o
                0x080023fc                XMC_GPIO_SetHardwareControl
 .text.XMC_USIC_CH_GetTransmitBufferStatus
                0x08002440       0x20 ./Libraries/XMCLib/src/xmc_i2c.o
 .text.XMC_I2C_CH_ClearStatusFlag
                0x08002460       0x20 ./Libraries/XMCLib/src/xmc_i2c.o
 .text.XMC_I2C_CH_InitEx
                0x08002480       0x60 ./Libraries/XMCLib/src/xmc_i2c.o
                0x08002480                XMC_I2C_CH_InitEx
 .text.XMC_I2C_CH_SetSlaveAddress
                0x080024e0       0x54 ./Libraries/XMCLib/src/xmc_i2c.o
                0x080024e0                XMC_I2C_CH_SetSlaveAddress
 .text.XMC_I2C_CH_SetBaudrateEx
                0x08002534       0x9c ./Libraries/XMCLib/src/xmc_i2c.o
                0x08002534                XMC_I2C_CH_SetBaudrateEx
 .text.XMC_I2C_CH_MasterStart
                0x080025d0       0x68 ./Libraries/XMCLib/src/xmc_i2c.o
                0x080025d0                XMC_I2C_CH_MasterStart
 .text.XMC_I2C_CH_MasterRepeatedStart
                0x08002638       0x68 ./Libraries/XMCLib/src/xmc_i2c.o
                0x08002638                XMC_I2C_CH_MasterRepeatedStart
 .text.XMC_I2C_CH_MasterStop
                0x080026a0       0x4c ./Libraries/XMCLib/src/xmc_i2c.o
                0x080026a0                XMC_I2C_CH_MasterStop
 .text.XMC_I2C_CH_MasterTransmit
                0x080026ec       0x4c ./Libraries/XMCLib/src/xmc_i2c.o
                0x080026ec                XMC_I2C_CH_MasterTransmit
 .text.XMC_I2C_CH_MasterReceiveAck
                0x08002738       0x4c ./Libraries/XMCLib/src/xmc_i2c.o
                0x08002738                XMC_I2C_CH_MasterReceiveAck
 .text.XMC_I2C_CH_MasterReceiveNack
                0x08002784       0x4c ./Libraries/XMCLib/src/xmc_i2c.o
                0x08002784                XMC_I2C_CH_MasterReceiveNack
 .text.XMC_I2C_CH_GetReceivedData
                0x080027d0       0x34 ./Libraries/XMCLib/src/xmc_i2c.o
                0x080027d0                XMC_I2C_CH_GetReceivedData
 .text.XMC_USIC_CH_GetTransmitBufferStatus
                0x08002804       0x20 ./Libraries/XMCLib/src/xmc_uart.o
 .text.XMC_UART_CH_ClearStatusFlag
                0x08002824       0x1c ./Libraries/XMCLib/src/xmc_uart.o
 .text.XMC_UART_CH_InitEx
                0x08002840       0xd4 ./Libraries/XMCLib/src/xmc_uart.o
                0x08002840                XMC_UART_CH_InitEx
 .text.XMC_UART_CH_Transmit
                0x08002914       0x4c ./Libraries/XMCLib/src/xmc_uart.o
                0x08002914                XMC_UART_CH_Transmit
 .text.XMC_UART_CH_GetReceivedData
                0x08002960       0x34 ./Libraries/XMCLib/src/xmc_uart.o
                0x08002960                XMC_UART_CH_GetReceivedData
 .text.XMC_USIC_CH_Enable
                0x08002994       0x74 ./Libraries/XMCLib/src/xmc_usic.o
                0x08002994                XMC_USIC_CH_Enable
 .text.XMC_USIC_CH_SetBaudrate
                0x08002a08       0xe4 ./Libraries/XMCLib/src/xmc_usic.o
                0x08002a08                XMC_USIC_CH_SetBaudrate
 .text.XMC_USIC_CH_SetBaudrateEx
                0x08002aec      0x100 ./Libraries/XMCLib/src/xmc_usic.o
                0x08002aec                XMC_USIC_CH_SetBaudrateEx
 .text.XMC_USIC_CH_TXFIFO_Configure
                0x08002bec       0x50 ./Libraries/XMCLib/src/xmc_usic.o
                0x08002bec                XMC_USIC_CH_TXFIFO_Configure
 .text.XMC_USIC_CH_RXFIFO_Configure
                0x08002c3c       0x54 ./Libraries/XMCLib/src/xmc_usic.o
                0x08002c3c                XMC_USIC_CH_RXFIFO_Configure
 .text.XMC_USIC_CH_RXFIFO_SetSizeTriggerLimit
                0x08002c90       0x30 ./Libraries/XMCLib/src/xmc_usic.o
                0x08002c90                XMC_USIC_CH_RXFIFO_SetSizeTriggerLimit
 .text.XMC_USIC_CH_SetInterruptNodePointer
                0x08002cc0       0x38 ./Libraries/XMCLib/src/xmc_usic.o
                0x08002cc0                XMC_USIC_CH_SetInterruptNodePointer
 .text.XMC_USIC_CH_TXFIFO_SetInterruptNodePointer
                0x08002cf8       0x3c ./Libraries/XMCLib/src/xmc_usic.o
                0x08002cf8                XMC_USIC_CH_TXFIFO_SetInterruptNodePointer
 .text.XMC_USIC_CH_RXFIFO_SetInterruptNodePointer
                0x08002d34       0x3c ./Libraries/XMCLib/src/xmc_usic.o
                0x08002d34                XMC_USIC_CH_RXFIFO_SetInterruptNodePointer
 .text.XMC_USIC_Enable
                0x08002d70       0x84 ./Libraries/XMCLib/src/xmc_usic.o
                0x08002d70                XMC_USIC_Enable
 .text.XMC_VADC_GROUP_ExternalMuxControlInit
                0x08002df4       0x7c ./Libraries/XMCLib/src/xmc_vadc.o
 .text.XMC_VADC_GROUP_BackgroundEnableArbitrationSlot
                0x08002e70       0x24 ./Libraries/XMCLib/src/xmc_vadc.o
 .text.XMC_VADC_GROUP_BackgroundDisableArbitrationSlot
                0x08002e94       0x24 ./Libraries/XMCLib/src/xmc_vadc.o
 .text.XMC_VADC_GLOBAL_EnableModule
                0x08002eb8       0x14 ./Libraries/XMCLib/src/xmc_vadc.o
                0x08002eb8                XMC_VADC_GLOBAL_EnableModule
 .text.XMC_VADC_GLOBAL_Init
                0x08002ecc       0x54 ./Libraries/XMCLib/src/xmc_vadc.o
                0x08002ecc                XMC_VADC_GLOBAL_Init
 .text.XMC_VADC_GLOBAL_InputClassInit
                0x08002f20       0x48 ./Libraries/XMCLib/src/xmc_vadc.o
                0x08002f20                XMC_VADC_GLOBAL_InputClassInit
 .text.XMC_VADC_GLOBAL_StartupCalibration
                0x08002f68       0x64 ./Libraries/XMCLib/src/xmc_vadc.o
                0x08002f68                XMC_VADC_GLOBAL_StartupCalibration
 .text.XMC_VADC_GLOBAL_BackgroundSetReqSrcEventInterruptNode
                0x08002fcc       0x48 ./Libraries/XMCLib/src/xmc_vadc.o
                0x08002fcc                XMC_VADC_GLOBAL_BackgroundSetReqSrcEventInterruptNode
 .text.XMC_VADC_GROUP_Init
                0x08003014       0x68 ./Libraries/XMCLib/src/xmc_vadc.o
                0x08003014                XMC_VADC_GROUP_Init
 .text.XMC_VADC_GROUP_InputClassInit
                0x0800307c       0xb8 ./Libraries/XMCLib/src/xmc_vadc.o
                0x0800307c                XMC_VADC_GROUP_InputClassInit
 .text.XMC_VADC_GROUP_SetPowerMode
                0x08003134       0x38 ./Libraries/XMCLib/src/xmc_vadc.o
                0x08003134                XMC_VADC_GROUP_SetPowerMode
 .text.XMC_VADC_GLOBAL_BackgroundInit
                0x0800316c       0xfc ./Libraries/XMCLib/src/xmc_vadc.o
                0x0800316c                XMC_VADC_GLOBAL_BackgroundInit
 .text.XMC_VADC_GROUP_ChannelInit
                0x08003268       0xdc ./Libraries/XMCLib/src/xmc_vadc.o
                0x08003268                XMC_VADC_GROUP_ChannelInit
 .text._sbrk    0x08003344       0x68 ./Libraries/Newlib/syscalls.o
                0x08003344                _sbrk
 .text._init    0x080033ac        0xc ./Libraries/Newlib/syscalls.o
                0x080033ac                _init
 .text.XMC_USIC_CH_EnableEvent
                0x080033b8       0x20 ./Dave/Generated/UART/uart.o
 .text.XMC_USIC_CH_DisableEvent
                0x080033d8       0x24 ./Dave/Generated/UART/uart.o
 .text.XMC_USIC_CH_GetTransmitBufferStatus
                0x080033fc       0x20 ./Dave/Generated/UART/uart.o
 .text.XMC_USIC_CH_TriggerServiceRequest
                0x0800341c       0x20 ./Dave/Generated/UART/uart.o
 .text.XMC_USIC_CH_TXFIFO_EnableEvent
                0x0800343c       0x24 ./Dave/Generated/UART/uart.o
 .text.XMC_USIC_CH_TXFIFO_DisableEvent
                0x08003460       0x28 ./Dave/Generated/UART/uart.o
 .text.XMC_USIC_CH_TXFIFO_Flush
                0x08003488       0x1c ./Dave/Generated/UART/uart.o
 .text.XMC_USIC_CH_TXFIFO_IsFull
                0x080034a4       0x28 ./Dave/Generated/UART/uart.o
 .text.XMC_USIC_CH_TXFIFO_IsEmpty
                0x080034cc       0x28 ./Dave/Generated/UART/uart.o
 .text.XMC_USIC_CH_RXFIFO_EnableEvent
                0x080034f4       0x24 ./Dave/Generated/UART/uart.o
 .text.XMC_USIC_CH_RXFIFO_DisableEvent
                0x08003518       0x28 ./Dave/Generated/UART/uart.o
 .text.XMC_USIC_CH_RXFIFO_Flush
                0x08003540       0x1c ./Dave/Generated/UART/uart.o
 .text.XMC_USIC_CH_RXFIFO_IsEmpty
                0x0800355c       0x28 ./Dave/Generated/UART/uart.o
 .text.UART_Init
                0x08003584       0x24 ./Dave/Generated/UART/uart.o
                0x08003584                UART_Init
 .text.UART_Transmit
                0x080035a8       0x38 ./Dave/Generated/UART/uart.o
                0x080035a8                UART_Transmit
 .text.UART_Receive
                0x080035e0       0x38 ./Dave/Generated/UART/uart.o
                0x080035e0                UART_Receive
 .text.UART_StartTransmitIRQ
                0x08003618       0xb8 ./Dave/Generated/UART/uart.o
                0x08003618                UART_StartTransmitIRQ
 .text.UART_StartReceiveIRQ
                0x080036d0       0xac ./Dave/Generated/UART/uart.o
                0x080036d0                UART_StartReceiveIRQ
 .text.UART_lTransmitHandler
                0x0800377c      0x10c ./Dave/Generated/UART/uart.o
                0x0800377c                UART_lTransmitHandler
 .text.UART_lReceiveHandler
                0x08003888      0x120 ./Dave/Generated/UART/uart.o
                0x08003888                UART_lReceiveHandler
 .text.UART_lReconfigureRxFIFO
                0x080039a8       0x50 ./Dave/Generated/UART/uart.o
 .text.__NVIC_GetPriorityGrouping
                0x080039f8       0x1c ./Dave/Generated/UART/uart_conf.o
 .text.__NVIC_EnableIRQ
                0x08003a14       0x38 ./Dave/Generated/UART/uart_conf.o
 .text.__NVIC_SetPriority
                0x08003a4c       0x54 ./Dave/Generated/UART/uart_conf.o
 .text.NVIC_EncodePriority
                0x08003aa0       0x64 ./Dave/Generated/UART/uart_conf.o
 .text.XMC_USIC_CH_SetInputSource
                0x08003b04       0x3c ./Dave/Generated/UART/uart_conf.o
 .text.XMC_UART_CH_Init
                0x08003b40       0x1c ./Dave/Generated/UART/uart_conf.o
 .text.XMC_UART_CH_Start
                0x08003b5c       0x24 ./Dave/Generated/UART/uart_conf.o
 .text.UART_0_init
                0x08003b80       0xd4 ./Dave/Generated/UART/uart_conf.o
                0x08003b80                UART_0_init
 .text.USIC0_3_IRQHandler
                0x08003c54       0x10 ./Dave/Generated/UART/uart_conf.o
                0x08003c54                USIC0_3_IRQHandler
 .text.USIC0_5_IRQHandler
                0x08003c64       0x10 ./Dave/Generated/UART/uart_conf.o
                0x08003c64                USIC0_5_IRQHandler
 .text.XMC_CCU4_EnableClock
                0x08003c74       0x20 ./Dave/Generated/TIMER/timer.o
 .text.XMC_CCU4_SLICE_StartTimer
                0x08003c94       0x18 ./Dave/Generated/TIMER/timer.o
 .text.XMC_CCU4_SLICE_ClearTimer
                0x08003cac       0x18 ./Dave/Generated/TIMER/timer.o
 .text.XMC_CCU4_SLICE_SetTimerPeriodMatch
                0x08003cc4       0x1c ./Dave/Generated/TIMER/timer.o
 .text.XMC_CCU4_SLICE_SetTimerCompareMatch
                0x08003ce0       0x1c ./Dave/Generated/TIMER/timer.o
 .text.XMC_CCU4_EnableShadowTransfer
                0x08003cfc       0x1c ./Dave/Generated/TIMER/timer.o
 .text.XMC_CCU4_SLICE_EnableEvent
                0x08003d18       0x2c ./Dave/Generated/TIMER/timer.o
 .text.TIMER_Init
                0x08003d44       0x3c ./Dave/Generated/TIMER/timer.o
                0x08003d44                TIMER_Init
 .text.TIMER_CCU4_lInit
                0x08003d80       0x98 ./Dave/Generated/TIMER/timer.o
                0x08003d80                TIMER_CCU4_lInit
 .text.TIMER_CCU4_lShadowTransfer
                0x08003e18       0x3c ./Dave/Generated/TIMER/timer.o
                0x08003e18                TIMER_CCU4_lShadowTransfer
 .text.__NVIC_GetPriorityGrouping
                0x08003e54       0x1c ./Dave/Generated/PIN_INTERRUPT/pin_interrupt.o
 .text.__NVIC_EnableIRQ
                0x08003e70       0x38 ./Dave/Generated/PIN_INTERRUPT/pin_interrupt.o
 .text.__NVIC_ClearPendingIRQ
                0x08003ea8       0x3c ./Dave/Generated/PIN_INTERRUPT/pin_interrupt.o
 .text.__NVIC_SetPriority
                0x08003ee4       0x54 ./Dave/Generated/PIN_INTERRUPT/pin_interrupt.o
 .text.NVIC_EncodePriority
                0x08003f38       0x64 ./Dave/Generated/PIN_INTERRUPT/pin_interrupt.o
 .text.PIN_INTERRUPT_Init
                0x08003f9c       0xa0 ./Dave/Generated/PIN_INTERRUPT/pin_interrupt.o
                0x08003f9c                PIN_INTERRUPT_Init
 .text.__NVIC_GetPriorityGrouping
                0x0800403c       0x1c ./Dave/Generated/INTERRUPT/interrupt.o
 .text.__NVIC_EnableIRQ
                0x08004058       0x38 ./Dave/Generated/INTERRUPT/interrupt.o
 .text.__NVIC_SetPriority
                0x08004090       0x54 ./Dave/Generated/INTERRUPT/interrupt.o
 .text.NVIC_EncodePriority
                0x080040e4       0x64 ./Dave/Generated/INTERRUPT/interrupt.o
 .text.INTERRUPT_Enable
                0x08004148       0x1c ./Dave/Generated/INTERRUPT/interrupt.o
 .text.INTERRUPT_Init
                0x08004164       0x4c ./Dave/Generated/INTERRUPT/interrupt.o
                0x08004164                INTERRUPT_Init
 .text.XMC_USIC_CH_TXFIFO_IsFull
                0x080041b0       0x28 ./Dave/Generated/I2C_MASTER/i2c_master.o
 .text.XMC_USIC_CH_TXFIFO_IsEmpty
                0x080041d8       0x28 ./Dave/Generated/I2C_MASTER/i2c_master.o
 .text.XMC_USIC_CH_RXFIFO_IsEmpty
                0x08004200       0x28 ./Dave/Generated/I2C_MASTER/i2c_master.o
 .text.XMC_I2C_CH_GetStatusFlag
                0x08004228       0x18 ./Dave/Generated/I2C_MASTER/i2c_master.o
 .text.XMC_I2C_CH_ClearStatusFlag
                0x08004240       0x20 ./Dave/Generated/I2C_MASTER/i2c_master.o
 .text.I2C_MASTER_IsTXFIFOFull
                0x08004260       0x1c ./Dave/Generated/I2C_MASTER/i2c_master.o
 .text.I2C_MASTER_IsRXFIFOEmpty
                0x0800427c       0x1c ./Dave/Generated/I2C_MASTER/i2c_master.o
 .text.I2C_MASTER_GetReceivedByte
                0x08004298       0x1c ./Dave/Generated/I2C_MASTER/i2c_master.o
 .text.I2C_MASTER_TransmitByte
                0x080042b4       0x20 ./Dave/Generated/I2C_MASTER/i2c_master.o
 .text.I2C_MASTER_ReceiveACK
                0x080042d4       0x18 ./Dave/Generated/I2C_MASTER/i2c_master.o
 .text.I2C_MASTER_ReceiveNACK
                0x080042ec       0x18 ./Dave/Generated/I2C_MASTER/i2c_master.o
 .text.I2C_MASTER_SendStop
                0x08004304       0x24 ./Dave/Generated/I2C_MASTER/i2c_master.o
 .text.I2C_MASTER_SendStart
                0x08004328       0x34 ./Dave/Generated/I2C_MASTER/i2c_master.o
 .text.I2C_MASTER_SendRepeatedStart
                0x0800435c       0x34 ./Dave/Generated/I2C_MASTER/i2c_master.o
 .text.I2C_MASTER_Init
                0x08004390       0x2c ./Dave/Generated/I2C_MASTER/i2c_master.o
                0x08004390                I2C_MASTER_Init
 .text.I2C_MASTER_GetFlagStatus
                0x080043bc       0x24 ./Dave/Generated/I2C_MASTER/i2c_master.o
                0x080043bc                I2C_MASTER_GetFlagStatus
 .text.I2C_MASTER_ClearFlag
                0x080043e0       0x1c ./Dave/Generated/I2C_MASTER/i2c_master.o
                0x080043e0                I2C_MASTER_ClearFlag
 .text.I2C_MASTER_Transmit
                0x080043fc       0x54 ./Dave/Generated/I2C_MASTER/i2c_master.o
                0x080043fc                I2C_MASTER_Transmit
 .text.I2C_MASTER_Receive
                0x08004450       0x58 ./Dave/Generated/I2C_MASTER/i2c_master.o
                0x08004450                I2C_MASTER_Receive
 .text.I2C_MASTER_lSendStart_Or_RepeatedStart
                0x080044a8       0x60 ./Dave/Generated/I2C_MASTER/i2c_master.o
 .text.I2C_MASTER_AbortTransmit
                0x08004508       0x50 ./Dave/Generated/I2C_MASTER/i2c_master.o
                0x08004508                I2C_MASTER_AbortTransmit
 .text.I2C_MASTER_lStartTransmitPolling
                0x08004558      0x194 ./Dave/Generated/I2C_MASTER/i2c_master.o
 .text.I2C_MASTER_lStartReceivePolling
                0x080046ec      0x1c4 ./Dave/Generated/I2C_MASTER/i2c_master.o
 .text.XMC_USIC_CH_SetInputSource
                0x080048b0       0x3c ./Dave/Generated/I2C_MASTER/i2c_master_conf.o
 .text.XMC_USIC_CH_EnableInputDigitalFilter
                0x080048ec       0x34 ./Dave/Generated/I2C_MASTER/i2c_master_conf.o
 .text.XMC_USIC_CH_EnableInputSync
                0x08004920       0x34 ./Dave/Generated/I2C_MASTER/i2c_master_conf.o
 .text.XMC_USIC_CH_SetMode
                0x08004954       0x28 ./Dave/Generated/I2C_MASTER/i2c_master_conf.o
 .text.XMC_I2C_CH_Init
                0x0800497c       0x1c ./Dave/Generated/I2C_MASTER/i2c_master_conf.o
 .text.XMC_I2C_CH_Start
                0x08004998       0x18 ./Dave/Generated/I2C_MASTER/i2c_master_conf.o
 .text.I2C_MASTER_0_disable_io
                0x080049b0       0x24 ./Dave/Generated/I2C_MASTER/i2c_master_conf.o
 .text.I2C_MASTER_0_enable_io
                0x080049d4       0x28 ./Dave/Generated/I2C_MASTER/i2c_master_conf.o
 .text.I2C_MASTER_0_init
                0x080049fc       0x8c ./Dave/Generated/I2C_MASTER/i2c_master_conf.o
                0x080049fc                I2C_MASTER_0_init
 .text.XMC_CCU4_StartPrescaler
                0x08004a88       0x1c ./Dave/Generated/GLOBAL_CCU4/global_ccu4.o
 .text.GLOBAL_CCU4_Init
                0x08004aa4       0x40 ./Dave/Generated/GLOBAL_CCU4/global_ccu4.o
                0x08004aa4                GLOBAL_CCU4_Init
 .text.GLOBAL_CAN_Init
                0x08004ae4       0x40 ./Dave/Generated/GLOBAL_CAN/global_can.o
                0x08004ae4                GLOBAL_CAN_Init
 .text.XMC_VADC_GLOBAL_DisablePostCalibration
                0x08004b24       0x2c ./Dave/Generated/GLOBAL_ADC/global_adc.o
 .text.GLOBAL_ADC_Init
                0x08004b50       0xb0 ./Dave/Generated/GLOBAL_ADC/global_adc.o
                0x08004b50                GLOBAL_ADC_Init
 .text.DIGITAL_IO_Init
                0x08004c00       0x40 ./Dave/Generated/DIGITAL_IO/digital_io.o
                0x08004c00                DIGITAL_IO_Init
 .text.__NVIC_SetPriorityGrouping
                0x08004c40       0x48 ./Dave/Generated/CPU_CTRL_XMC4/cpu_ctrl_xmc4_conf.o
 .text.SystemCoreSetup
                0x08004c88       0xa0 ./Dave/Generated/CPU_CTRL_XMC4/cpu_ctrl_xmc4_conf.o
                0x08004c88                SystemCoreSetup
 .text.CLOCK_XMC4_Init
                0x08004d28       0x20 ./Dave/Generated/CLOCK_XMC4/clock_xmc4.o
                0x08004d28                CLOCK_XMC4_Init
 .text.OSCHP_GetFrequency
                0x08004d48       0x14 ./Dave/Generated/CLOCK_XMC4/clock_xmc4.o
                0x08004d48                OSCHP_GetFrequency
 .text.SystemCoreClockSetup
                0x08004d5c       0x50 ./Dave/Generated/CLOCK_XMC4/clock_xmc4_conf.o
                0x08004d5c                SystemCoreClockSetup
 .text.XMC_CAN_NODE_SetEventNodePointer
                0x08004dac       0x38 ./Dave/Generated/CAN_NODE/can_node.o
 .text.XMC_CAN_NODE_SetReceiveInput
                0x08004de4       0x2c ./Dave/Generated/CAN_NODE/can_node.o
 .text.XMC_CAN_NODE_EnableLoopBack
                0x08004e10       0x20 ./Dave/Generated/CAN_NODE/can_node.o
 .text.XMC_CAN_NODE_EnableConfigurationChange
                0x08004e30       0x20 ./Dave/Generated/CAN_NODE/can_node.o
 .text.XMC_CAN_NODE_DisableConfigurationChange
                0x08004e50       0x20 ./Dave/Generated/CAN_NODE/can_node.o
 .text.XMC_CAN_NODE_SetInitBit
                0x08004e70       0x20 ./Dave/Generated/CAN_NODE/can_node.o
 .text.XMC_CAN_NODE_ResetInitBit
                0x08004e90       0x20 ./Dave/Generated/CAN_NODE/can_node.o
 .text.XMC_CAN_NODE_ReSetAnalyzerMode
                0x08004eb0       0x20 ./Dave/Generated/CAN_NODE/can_node.o
 .text.XMC_CAN_MO_SetEventNodePointer
                0x08004ed0       0x3c ./Dave/Generated/CAN_NODE/can_node.o
 .text.XMC_CAN_MO_EnableEvent
                0x08004f0c       0x24 ./Dave/Generated/CAN_NODE/can_node.o
 .text.CAN_NODE_MO_EnableTxEvent
                0x08004f30       0x1c ./Dave/Generated/CAN_NODE/can_node.o
 .text.CAN_NODE_MO_EnableRxEvent
                0x08004f4c       0x1c ./Dave/Generated/CAN_NODE/can_node.o
 .text.CAN_NODE_SetNodeEvents
                0x08004f68       0x74 ./Dave/Generated/CAN_NODE/can_node.o
 .text.CAN_NODE_SetNodePointer
                0x08004fdc       0x68 ./Dave/Generated/CAN_NODE/can_node.o
 .text.CAN_NODE_MO_Init
                0x08005044       0x58 ./Dave/Generated/CAN_NODE/can_node.o
                0x08005044                CAN_NODE_MO_Init
 .text.CAN_NODE_MO_Transmit
                0x0800509c       0x24 ./Dave/Generated/CAN_NODE/can_node.o
                0x0800509c                CAN_NODE_MO_Transmit
 .text.CAN_NODE_Init
                0x080050c0      0x148 ./Dave/Generated/CAN_NODE/can_node.o
                0x080050c0                CAN_NODE_Init
 .text.__NVIC_GetPriorityGrouping
                0x08005208       0x1c ./Dave/Generated/ADC_MEASUREMENT/adc_measurement.o
 .text.__NVIC_EnableIRQ
                0x08005224       0x38 ./Dave/Generated/ADC_MEASUREMENT/adc_measurement.o
 .text.__NVIC_SetPriority
                0x0800525c       0x54 ./Dave/Generated/ADC_MEASUREMENT/adc_measurement.o
 .text.NVIC_EncodePriority
                0x080052b0       0x64 ./Dave/Generated/ADC_MEASUREMENT/adc_measurement.o
 .text.XMC_VADC_GLOBAL_BackgroundTriggerConversion
                0x08005314       0x24 ./Dave/Generated/ADC_MEASUREMENT/adc_measurement.o
 .text.XMC_VADC_GLOBAL_BackgroundAddChannelToSequence
                0x08005338       0x38 ./Dave/Generated/ADC_MEASUREMENT/adc_measurement.o
 .text.XMC_VADC_GROUP_ResultInit
                0x08005370       0x24 ./Dave/Generated/ADC_MEASUREMENT/adc_measurement.o
 .text.XMC_VADC_GROUP_GetResult
                0x08005394       0x24 ./Dave/Generated/ADC_MEASUREMENT/adc_measurement.o
 .text.ADC_MEASUREMENT_Init
                0x080053b8      0x150 ./Dave/Generated/ADC_MEASUREMENT/adc_measurement.o
                0x080053b8                ADC_MEASUREMENT_Init
 .text.ADC_MEASUREMENT_GetResult
                0x08005508       0x30 ./Dave/Generated/ADC_MEASUREMENT/adc_measurement.o
                0x08005508                ADC_MEASUREMENT_GetResult
 .text.DAVE_Init
                0x08005538       0xc4 ./Dave/Generated/DAVE.o
                0x08005538                DAVE_Init
 .text.__errno  0x080055fc        0xc c:/infineon/tools/dave ide/4.5.0.202105191637/eclipse/arm-gcc-49/bin/../lib/gcc/arm-none-eabi/4.9.3/../../../../arm-none-eabi/lib/armv7e-m/softfp\libg_nano.a(lib_a-errno.o)
                0x080055fc                __errno
 .text.__libc_init_array
                0x08005608       0x4c c:/infineon/tools/dave ide/4.5.0.202105191637/eclipse/arm-gcc-49/bin/../lib/gcc/arm-none-eabi/4.9.3/../../../../arm-none-eabi/lib/armv7e-m/softfp\libg_nano.a(lib_a-init.o)
                0x08005608                __libc_init_array
 .text.memcpy   0x08005654       0x16 c:/infineon/tools/dave ide/4.5.0.202105191637/eclipse/arm-gcc-49/bin/../lib/gcc/arm-none-eabi/4.9.3/../../../../arm-none-eabi/lib/armv7e-m/softfp\libg_nano.a(lib_a-memcpy.o)
                0x08005654                memcpy
 *fill*         0x0800566a        0x2 
 .text.snprintf
                0x0800566c       0x64 c:/infineon/tools/dave ide/4.5.0.202105191637/eclipse/arm-gcc-49/bin/../lib/gcc/arm-none-eabi/4.9.3/../../../../arm-none-eabi/lib/armv7e-m/softfp\libg_nano.a(lib_a-snprintf.o)
                0x0800566c                sniprintf
                0x0800566c                snprintf
 .text.sprintf  0x080056d0       0x48 c:/infineon/tools/dave ide/4.5.0.202105191637/eclipse/arm-gcc-49/bin/../lib/gcc/arm-none-eabi/4.9.3/../../../../arm-none-eabi/lib/armv7e-m/softfp\libg_nano.a(lib_a-sprintf.o)
                0x080056d0                siprintf
                0x080056d0                sprintf
 .text.strlen   0x08005718       0x10 c:/infineon/tools/dave ide/4.5.0.202105191637/eclipse/arm-gcc-49/bin/../lib/gcc/arm-none-eabi/4.9.3/../../../../arm-none-eabi/lib/armv7e-m/softfp\libg_nano.a(lib_a-strlen.o)
                0x08005718                strlen
 .text.__ssputs_r
                0x08005728       0xb2 c:/infineon/tools/dave ide/4.5.0.202105191637/eclipse/arm-gcc-49/bin/../lib/gcc/arm-none-eabi/4.9.3/../../../../arm-none-eabi/lib/armv7e-m/softfp\libg_nano.a(lib_a-nano-svfprintf.o)
                0x08005728                __ssputs_r
 *fill*         0x080057da        0x2 
 .text._svfprintf_r
                0x080057dc      0x1e4 c:/infineon/tools/dave ide/4.5.0.202105191637/eclipse/arm-gcc-49/bin/../lib/gcc/arm-none-eabi/4.9.3/../../../../arm-none-eabi/lib/armv7e-m/softfp\libg_nano.a(lib_a-nano-svfprintf.o)
                0x080057dc                _svfiprintf_r
                0x080057dc                _svfprintf_r
 .text._printf_common
                0x080059c0       0xea c:/infineon/tools/dave ide/4.5.0.202105191637/eclipse/arm-gcc-49/bin/../lib/gcc/arm-none-eabi/4.9.3/../../../../arm-none-eabi/lib/armv7e-m/softfp\libg_nano.a(lib_a-nano-vfprintf_i.o)
                0x080059c0                _printf_common
 *fill*         0x08005aaa        0x2 
 .text._printf_i
                0x08005aac      0x234 c:/infineon/tools/dave ide/4.5.0.202105191637/eclipse/arm-gcc-49/bin/../lib/gcc/arm-none-eabi/4.9.3/../../../../arm-none-eabi/lib/armv7e-m/softfp\libg_nano.a(lib_a-nano-vfprintf_i.o)
                0x08005aac                _printf_i
 .text.memchr   0x08005ce0       0x1e c:/infineon/tools/dave ide/4.5.0.202105191637/eclipse/arm-gcc-49/bin/../lib/gcc/arm-none-eabi/4.9.3/../../../../arm-none-eabi/lib/armv7e-m/softfp\libg_nano.a(lib_a-memchr.o)
                0x08005ce0                memchr
 .text.memmove  0x08005cfe       0x36 c:/infineon/tools/dave ide/4.5.0.202105191637/eclipse/arm-gcc-49/bin/../lib/gcc/arm-none-eabi/4.9.3/../../../../arm-none-eabi/lib/armv7e-m/softfp\libg_nano.a(lib_a-memmove.o)
                0x08005cfe                memmove
 .text._free_r  0x08005d34       0x88 c:/infineon/tools/dave ide/4.5.0.202105191637/eclipse/arm-gcc-49/bin/../lib/gcc/arm-none-eabi/4.9.3/../../../../arm-none-eabi/lib/armv7e-m/softfp\libg_nano.a(lib_a-nano-freer.o)
                0x08005d34                _free_r
 .text._malloc_r
                0x08005dbc       0xac c:/infineon/tools/dave ide/4.5.0.202105191637/eclipse/arm-gcc-49/bin/../lib/gcc/arm-none-eabi/4.9.3/../../../../arm-none-eabi/lib/armv7e-m/softfp\libg_nano.a(lib_a-nano-mallocr.o)
                0x08005dbc                _malloc_r
 .text._realloc_r
                0x08005e68       0x4c c:/infineon/tools/dave ide/4.5.0.202105191637/eclipse/arm-gcc-49/bin/../lib/gcc/arm-none-eabi/4.9.3/../../../../arm-none-eabi/lib/armv7e-m/softfp\libg_nano.a(lib_a-nano-reallocr.o)
                0x08005e68                _realloc_r
 .text._sbrk_r  0x08005eb4       0x20 c:/infineon/tools/dave ide/4.5.0.202105191637/eclipse/arm-gcc-49/bin/../lib/gcc/arm-none-eabi/4.9.3/../../../../arm-none-eabi/lib/armv7e-m/softfp\libg_nano.a(lib_a-sbrkr.o)
                0x08005eb4                _sbrk_r
 .text._malloc_usable_size_r
                0x08005ed4       0x14 c:/infineon/tools/dave ide/4.5.0.202105191637/eclipse/arm-gcc-49/bin/../lib/gcc/arm-none-eabi/4.9.3/../../../../arm-none-eabi/lib/armv7e-m/softfp\libg_nano.a(lib_a-nano-msizer.o)
                0x08005ed4                _malloc_usable_size_r
 *(.init)
 *(.fini)
 *crtbegin.o(.ctors)
 *crtbegin?.o(.ctors)
 *(EXCLUDE_FILE(*crtend.o *crtend?.o) .ctors)
 *(SORT(.ctors.*))
 *(.ctors)
 *crtbegin.o(.dtors)
 *crtbegin?.o(.dtors)
 *(EXCLUDE_FILE(*crtend.o *crtend?.o) .dtors)
 *(SORT(.dtors.*))
 *(.dtors)
 *(.rodata .rodata.*)
 .rodata        0x08005ee8        0x8 ./sources/aht10.o
 .rodata.can_valid_ids
                0x08005ef0       0x28 ./sources/can_app.o
 .rodata        0x08005f18       0x44 ./sources/lcd.o
 .rodata        0x08005f5c      0x12c ./sources/uart.o
 .rodata.g_xmc_vadc_group_array
                0x08006088        0x8 ./Libraries/XMCLib/src/xmc_vadc.o
 .rodata.UART_0_channel_config
                0x08006090        0xc ./Dave/Generated/UART/uart_conf.o
                0x08006090                UART_0_channel_config
 .rodata.UART_0_tx_pin_config
                0x0800609c        0xc ./Dave/Generated/UART/uart_conf.o
                0x0800609c                UART_0_tx_pin_config
 .rodata.UART_0_tx_pin
                0x080060a8        0xc ./Dave/Generated/UART/uart_conf.o
                0x080060a8                UART_0_tx_pin
 .rodata.UART_0_config
                0x080060b4       0x30 ./Dave/Generated/UART/uart_conf.o
                0x080060b4                UART_0_config
 .rodata.UART_0_rx_pin_config
                0x080060e4        0xc ./Dave/Generated/UART/uart_conf.o
                0x080060e4                UART_0_rx_pin_config
 .rodata.PIN_INTERRUPT_0
                0x080060f0       0x24 ./Dave/Generated/PIN_INTERRUPT/pin_interrupt_conf.o
                0x080060f0                PIN_INTERRUPT_0
 .rodata.INTERRUPT_0
                0x08006114        0x4 ./Dave/Generated/INTERRUPT/interrupt_conf.o
                0x08006114                INTERRUPT_0
 .rodata.I2C_MASTER_0_sda_pin_config
                0x08006118        0xc ./Dave/Generated/I2C_MASTER/i2c_master_conf.o
 .rodata.I2C_MASTER_0_scl_pin_config
                0x08006124        0xc ./Dave/Generated/I2C_MASTER/i2c_master_conf.o
 .rodata.I2C_MASTER_0_channel_config
                0x08006130        0x8 ./Dave/Generated/I2C_MASTER/i2c_master_conf.o
                0x08006130                I2C_MASTER_0_channel_config
 .rodata.I2C_MASTER_0_config
                0x08006138       0x2c ./Dave/Generated/I2C_MASTER/i2c_master_conf.o
                0x08006138                I2C_MASTER_0_config
 .rodata.group_init_handle0
                0x08006164       0x14 ./Dave/Generated/GLOBAL_ADC/global_adc_conf.o
                0x08006164                group_init_handle0
 .rodata.group_init_handle1
                0x08006178       0x14 ./Dave/Generated/GLOBAL_ADC/global_adc_conf.o
                0x08006178                group_init_handle1
 .rodata.global_config
                0x0800618c       0x18 ./Dave/Generated/GLOBAL_ADC/global_adc_conf.o
                0x0800618c                global_config
 .rodata.DIGITAL_IO_0
                0x080061a4       0x14 ./Dave/Generated/DIGITAL_IO/digital_io_conf.o
                0x080061a4                DIGITAL_IO_0
 .rodata        0x080061b8       0x14 ./Dave/Generated/CLOCK_XMC4/clock_xmc4_conf.o
 .rodata.CAN_NODE_0_gpio_out
                0x080061cc        0x8 ./Dave/Generated/CAN_NODE/can_node_conf.o
 .rodata.CAN_NODE_0_gpio_out_config
                0x080061d4        0xc ./Dave/Generated/CAN_NODE/can_node_conf.o
 .rodata.CAN_NODE_0_gpio_in
                0x080061e0        0x8 ./Dave/Generated/CAN_NODE/can_node_conf.o
 .rodata.CAN_NODE_0_gpio_in_config
                0x080061e8        0xc ./Dave/Generated/CAN_NODE/can_node_conf.o
 .rodata.CAN_NODE_0_BitTimeConfig
                0x080061f4        0xc ./Dave/Generated/CAN_NODE/can_node_conf.o
 .rodata.CAN_NODE_0_sr
                0x08006200        0x4 ./Dave/Generated/CAN_NODE/can_node_conf.o
 .rodata.CAN_NODE_0_LMO_01_Config
                0x08006204        0xc ./Dave/Generated/CAN_NODE/can_node_conf.o
                0x08006204                CAN_NODE_0_LMO_01_Config
 .rodata.CAN_NODE_0_LMO_02_Config
                0x08006210        0xc ./Dave/Generated/CAN_NODE/can_node_conf.o
                0x08006210                CAN_NODE_0_LMO_02_Config
 .rodata.CAN_NODE_0
                0x0800621c       0xa8 ./Dave/Generated/CAN_NODE/can_node_conf.o
                0x0800621c                CAN_NODE_0
 .rodata.global_iclass_config
                0x080062c4        0x4 ./Dave/Generated/ADC_MEASUREMENT/adc_measurement_conf.o
                0x080062c4                global_iclass_config
 .rodata.backgnd_config
                0x080062c8        0xc ./Dave/Generated/ADC_MEASUREMENT/adc_measurement_conf.o
                0x080062c8                backgnd_config
 .rodata.str1.1
                0x080062d4        0x2 c:/infineon/tools/dave ide/4.5.0.202105191637/eclipse/arm-gcc-49/bin/../lib/gcc/arm-none-eabi/4.9.3/../../../../arm-none-eabi/lib/armv7e-m/softfp\libg_nano.a(lib_a-impure.o)
 .rodata.str1.1
                0x080062d6       0x11 c:/infineon/tools/dave ide/4.5.0.202105191637/eclipse/arm-gcc-49/bin/../lib/gcc/arm-none-eabi/4.9.3/../../../../arm-none-eabi/lib/armv7e-m/softfp\libg_nano.a(lib_a-nano-svfprintf.o)
 .rodata.str1.1
                0x080062e7       0x22 c:/infineon/tools/dave ide/4.5.0.202105191637/eclipse/arm-gcc-49/bin/../lib/gcc/arm-none-eabi/4.9.3/../../../../arm-none-eabi/lib/armv7e-m/softfp\libg_nano.a(lib_a-nano-vfprintf_i.o)
 *(.gnu.linkonce.r*)
 *(vtable)
                0x0800630c                . = ALIGN (0x4)
 *fill*         0x08006309        0x3 

.glue_7         0x0800630c        0x0 load address 0x0c00630c
 .glue_7        0x00000000        0x0 linker stubs

.glue_7t        0x0800630c        0x0 load address 0x0c00630c
 .glue_7t       0x00000000        0x0 linker stubs

.vfp11_veneer   0x0800630c        0x0 load address 0x0c00630c
 .vfp11_veneer  0x00000000        0x0 linker stubs

.v4_bx          0x0800630c        0x0 load address 0x0c00630c
 .v4_bx         0x00000000        0x0 linker stubs

.iplt           0x0800630c        0x0 load address 0x0c00630c
 .iplt          0x00000000        0x0 ./sources/adc.o

.rel.dyn        0x0800630c        0x0 load address 0x0c00630c
 .rel.iplt      0x00000000        0x0 ./sources/adc.o

.eh_frame_hdr
 *(.eh_frame_hdr)

.eh_frame
 *(.eh_frame)

.ARM.extab
 *(.ARM.extab* .gnu.linkonce.armextab.*)
                0x0800630c                . = ALIGN (0x4)
                0x0800630c                __exidx_start = .

.ARM.exidx
 *(.ARM.exidx* .gnu.linkonce.armexidx.*)
                0x0800630c                __exidx_end = .
                0x0800630c                . = ALIGN (0x4)

Stack           0x1fffc000      0x800
                0x1fffc000                __stack_start = .
                0x1fffc800                . = (. + stack_size)
 *fill*         0x1fffc000      0x800 
                0x1fffc800                __stack_end = .
                0x1fffc800                __initial_sp = .

.ram_code       0x1fffc800        0x0 load address 0x0c00630c
                0x1fffc800                . = ALIGN (0x4)
                0x1fffc800                __ram_code_start = .
 *(.ram_code)
                0x1fffc800                . = ALIGN (0x4)
                0x1fffc800                __ram_code_end = .
                0x0c00630c                __ram_code_load = LOADADDR (.ram_code)
                0x00000000                __ram_code_size = (__ram_code_end - __ram_code_start)

.data           0x1fffc800      0x184 load address 0x0c00630c
                0x1fffc800                . = ALIGN (0x4)
                0x1fffc800                __data_start = .
 *(.data)
 *(.data*)
 .data.can_id_index
                0x1fffc800        0x1 ./sources/can_app.o
 *fill*         0x1fffc801        0x3 
 .data.led      0x1fffc804        0xc ./sources/led.o
                0x1fffc804                led
 .data.UART_0   0x1fffc810        0xc ./Dave/Generated/UART/uart_conf.o
                0x1fffc810                UART_0
 .data.TIMER_0_config
                0x1fffc81c        0x8 ./Dave/Generated/TIMER/timer_conf.o
                0x1fffc81c                TIMER_0_config
 .data.TIMER_0  0x1fffc824       0x28 ./Dave/Generated/TIMER/timer_conf.o
                0x1fffc824                TIMER_0
 .data.I2C_MASTER_0
                0x1fffc84c        0xc ./Dave/Generated/I2C_MASTER/i2c_master_conf.o
                0x1fffc84c                I2C_MASTER_0
 .data.GLOBAL_CCU4_0
                0x1fffc858       0x10 ./Dave/Generated/GLOBAL_CCU4/global_ccu4_conf.o
                0x1fffc858                GLOBAL_CCU4_0
 .data.GLOBAL_CAN_0
                0x1fffc868        0xc ./Dave/Generated/GLOBAL_CAN/global_can_conf.o
                0x1fffc868                GLOBAL_CAN_0
 .data.group_0_config
                0x1fffc874        0xc ./Dave/Generated/GLOBAL_ADC/global_adc_conf.o
                0x1fffc874                group_0_config
 .data.group_1_config
                0x1fffc880        0xc ./Dave/Generated/GLOBAL_ADC/global_adc_conf.o
                0x1fffc880                group_1_config
 .data.GLOBAL_ADC_0
                0x1fffc88c       0x14 ./Dave/Generated/GLOBAL_ADC/global_adc_conf.o
                0x1fffc88c                GLOBAL_ADC_0
 .data.CAN_NODE_0_LMO_01
                0x1fffc8a0       0x20 ./Dave/Generated/CAN_NODE/can_node_conf.o
 .data.CAN_NODE_0_LMO_02
                0x1fffc8c0       0x20 ./Dave/Generated/CAN_NODE/can_node_conf.o
 .data.Channel_A_ch_config
                0x1fffc8e0       0x10 ./Dave/Generated/ADC_MEASUREMENT/adc_measurement_conf.o
                0x1fffc8e0                Channel_A_ch_config
 .data.ADC_MEASUREMENT_Channel_A_handle
                0x1fffc8f0       0x10 ./Dave/Generated/ADC_MEASUREMENT/adc_measurement_conf.o
                0x1fffc8f0                ADC_MEASUREMENT_Channel_A_handle
 .data.ADC_MEASUREMENT_channel_array
                0x1fffc900        0x4 ./Dave/Generated/ADC_MEASUREMENT/adc_measurement_conf.o
                0x1fffc900                ADC_MEASUREMENT_channel_array
 .data.ADC_MEASUREMENT_0
                0x1fffc904       0x1c ./Dave/Generated/ADC_MEASUREMENT/adc_measurement_conf.o
                0x1fffc904                ADC_MEASUREMENT_0
 .data.impure_data
                0x1fffc920       0x60 c:/infineon/tools/dave ide/4.5.0.202105191637/eclipse/arm-gcc-49/bin/../lib/gcc/arm-none-eabi/4.9.3/../../../../arm-none-eabi/lib/armv7e-m/softfp\libg_nano.a(lib_a-impure.o)
 .data._impure_ptr
                0x1fffc980        0x4 c:/infineon/tools/dave ide/4.5.0.202105191637/eclipse/arm-gcc-49/bin/../lib/gcc/arm-none-eabi/4.9.3/../../../../arm-none-eabi/lib/armv7e-m/softfp\libg_nano.a(lib_a-impure.o)
                0x1fffc980                _impure_ptr
 *(*.data)
 *(.gnu.linkonce.d*)
                0x1fffc984                . = ALIGN (0x4)
                0x1fffc984                PROVIDE (__preinit_array_start, .)
 *(.preinit_array)
                0x1fffc984                PROVIDE (__preinit_array_end, .)
                0x1fffc984                . = ALIGN (0x4)
                0x1fffc984                PROVIDE (__init_array_start, .)
 *(SORT(.init_array.*))
 *(.init_array)
                0x1fffc984                PROVIDE (__init_array_end, .)
                0x1fffc984                . = ALIGN (0x4)
                0x1fffc984                PROVIDE (__fini_array_start, .)
 *(SORT(.fini_array.*))
 *(.fini_array)
                0x1fffc984                PROVIDE (__fini_array_end, .)
                0x1fffc984                . = ALIGN (0x4)
                0x1fffc984                __data_end = .
                0x0c00630c                __data_load = LOADADDR (.data)
                0x00000184                __data_size = (__data_end - __data_start)
                0x00006490                __text_size = (((__exidx_end - sText) + __data_size) + __ram_code_size)
                0x08006490                eText = (sText + __text_size)

.igot.plt       0x1fffc984        0x0 load address 0x0c006490
 .igot.plt      0x00000000        0x0 ./sources/adc.o

.bss            0x1fffc984      0x104 load address 0x0c006490
                0x1fffc984                . = ALIGN (0x4)
                0x1fffc984                __bss_start = .
 *(.bss)
 *(.bss*)
 .bss.adc       0x1fffc984        0x4 ./sources/adc.o
                0x1fffc984                adc
 .bss.aht10     0x1fffc988        0xc ./sources/aht10.o
                0x1fffc988                aht10
 .bss.can_tx_request
                0x1fffc994        0x1 ./sources/can_app.o
 *fill*         0x1fffc995        0x1 
 .bss.can_rx_id
                0x1fffc996        0x2 ./sources/can_app.o
                0x1fffc996                can_rx_id
 .bss.can_rx_flag
                0x1fffc998        0x1 ./sources/can_app.o
                0x1fffc998                can_rx_flag
 .bss.lcd_page  0x1fffc999        0x1 ./sources/lcd.o
 *fill*         0x1fffc99a        0x2 
 .bss.counter.12211
                0x1fffc99c        0x4 ./sources/lcd.o
 .bss.can_counter.11018
                0x1fffc9a0        0x1 ./sources/main.o
 *fill*         0x1fffc9a1        0x3 
 .bss.uart_data
                0x1fffc9a4       0x84 ./sources/uart.o
                0x1fffc9a4                uart_data
 .bss.heap_ptr.4331
                0x1fffca28        0x4 ./Libraries/Newlib/syscalls.o
 .bss.UART_0_runtime
                0x1fffca2c       0x1c ./Dave/Generated/UART/uart_conf.o
                0x1fffca2c                UART_0_runtime
 .bss.I2C_MASTER_0_runtime
                0x1fffca48       0x2c ./Dave/Generated/I2C_MASTER/i2c_master_conf.o
                0x1fffca48                I2C_MASTER_0_runtime
 .bss.CLOCK_XMC4_0
                0x1fffca74        0x4 ./Dave/Generated/CLOCK_XMC4/clock_xmc4_conf.o
                0x1fffca74                CLOCK_XMC4_0
 .bss.Channel_A_res_config
                0x1fffca78        0x4 ./Dave/Generated/ADC_MEASUREMENT/adc_measurement_conf.o
                0x1fffca78                Channel_A_res_config
 .bss.__malloc_sbrk_start
                0x1fffca7c        0x4 c:/infineon/tools/dave ide/4.5.0.202105191637/eclipse/arm-gcc-49/bin/../lib/gcc/arm-none-eabi/4.9.3/../../../../arm-none-eabi/lib/armv7e-m/softfp\libg_nano.a(lib_a-nano-mallocr.o)
                0x1fffca7c                __malloc_sbrk_start
 .bss.__malloc_free_list
                0x1fffca80        0x4 c:/infineon/tools/dave ide/4.5.0.202105191637/eclipse/arm-gcc-49/bin/../lib/gcc/arm-none-eabi/4.9.3/../../../../arm-none-eabi/lib/armv7e-m/softfp\libg_nano.a(lib_a-nano-mallocr.o)
                0x1fffca80                __malloc_free_list
 *(COMMON)
 COMMON         0x1fffca84        0x4 c:/infineon/tools/dave ide/4.5.0.202105191637/eclipse/arm-gcc-49/bin/../lib/gcc/arm-none-eabi/4.9.3/../../../../arm-none-eabi/lib/armv7e-m/softfp\libg_nano.a(lib_a-reent.o)
                0x1fffca84                errno
 *(.gnu.linkonce.b*)
                0x1fffca88                . = ALIGN (0x4)
                0x1fffca88                __bss_end = .
                0x00000104                __bss_size = (__bss_end - __bss_start)
                0x00003578                __shift_loc = (__bss_end >= ORIGIN (DSRAM_1_system))?0x0:(ORIGIN (DSRAM_1_system) - __bss_end)

USB_RAM         0x20000000        0x0
                0x20000000                . = ALIGN (0x4)
                0x20000000                USB_RAM_start = .
 *(USB_RAM)
                0x20000000                . = ALIGN (0x4)
                0x20000000                USB_RAM_end = .
                0x20000000                . = ALIGN (0x8)
                0x20000000                Heap_Bank1_Start = .
                0x00000000                USB_RAM_size = (USB_RAM_end - USB_RAM_start)

.no_init        0x20005fc0       0x20
                0x20005fc0                Heap_Bank1_End = .
 *(.no_init)
 .no_init       0x20005fc0       0x20 ./Startup/system_XMC4200.o
                0x20005fc0                SystemCoreClock
                0x20005fc4                g_chipid
                0x20005fd4                g_hrpwm_char_data
                0x00005fc0                Heap_Bank1_Size = (Heap_Bank1_End - Heap_Bank1_Start)
                0x00000001                ASSERT ((Heap_Bank1_Start <= Heap_Bank1_End), region SRAM_combined overflowed no_init section)

/DISCARD/
 *(.comment)

.stab
 *(.stab)

.stabstr
 *(.stabstr)

.debug
 *(.debug)

.line
 *(.line)

.debug_srcinfo
 *(.debug_srcinfo)

.debug_sfnames
 *(.debug_sfnames)

.debug_aranges  0x00000000     0x1660
 *(.debug_aranges)
 .debug_aranges
                0x00000000       0x28 ./sources/adc.o
 .debug_aranges
                0x00000028       0x28 ./sources/aht10.o
 .debug_aranges
                0x00000050       0x28 ./sources/app.o
 .debug_aranges
                0x00000078       0x58 ./sources/can_app.o
 .debug_aranges
                0x000000d0       0x68 ./sources/lcd.o
 .debug_aranges
                0x00000138       0x58 ./sources/led.o
 .debug_aranges
                0x00000190       0x30 ./sources/main.o
 .debug_aranges
                0x000001c0       0x38 ./sources/uart.o
 .debug_aranges
                0x000001f8       0x20 ./Startup/startup_XMC4200.o
 .debug_aranges
                0x00000218       0x48 ./Startup/system_XMC4200.o
 .debug_aranges
                0x00000260       0x28 ./Libraries/XMCLib/src/xmc4_eru.o
 .debug_aranges
                0x00000288       0x28 ./Libraries/XMCLib/src/xmc4_gpio.o
 .debug_aranges
                0x000002b0      0x428 ./Libraries/XMCLib/src/xmc4_scu.o
 .debug_aranges
                0x000006d8      0x120 ./Libraries/XMCLib/src/xmc_can.o
 .debug_aranges
                0x000007f8      0x138 ./Libraries/XMCLib/src/xmc_ccu4.o
 .debug_aranges
                0x00000930       0x88 ./Libraries/XMCLib/src/xmc_eru.o
 .debug_aranges
                0x000009b8       0x28 ./Libraries/XMCLib/src/xmc_gpio.o
 .debug_aranges
                0x000009e0       0xb0 ./Libraries/XMCLib/src/xmc_i2c.o
 .debug_aranges
                0x00000a90       0x78 ./Libraries/XMCLib/src/xmc_uart.o
 .debug_aranges
                0x00000b08       0xb8 ./Libraries/XMCLib/src/xmc_usic.o
 .debug_aranges
                0x00000bc0      0x280 ./Libraries/XMCLib/src/xmc_vadc.o
 .debug_aranges
                0x00000e40       0x28 ./Libraries/Newlib/syscalls.o
 .debug_aranges
                0x00000e68       0xf8 ./Dave/Generated/UART/uart.o
 .debug_aranges
                0x00000f60       0x68 ./Dave/Generated/UART/uart_conf.o
 .debug_aranges
                0x00000fc8       0xd8 ./Dave/Generated/TIMER/timer.o
 .debug_aranges
                0x000010a0       0x18 ./Dave/Generated/TIMER/timer_conf.o
 .debug_aranges
                0x000010b8       0x60 ./Dave/Generated/PIN_INTERRUPT/pin_interrupt.o
 .debug_aranges
                0x00001118       0x18 ./Dave/Generated/PIN_INTERRUPT/pin_interrupt_conf.o
 .debug_aranges
                0x00001130       0x50 ./Dave/Generated/INTERRUPT/interrupt.o
 .debug_aranges
                0x00001180       0x18 ./Dave/Generated/INTERRUPT/interrupt_conf.o
 .debug_aranges
                0x00001198       0xe8 ./Dave/Generated/I2C_MASTER/i2c_master.o
 .debug_aranges
                0x00001280       0x60 ./Dave/Generated/I2C_MASTER/i2c_master_conf.o
 .debug_aranges
                0x000012e0       0x30 ./Dave/Generated/GLOBAL_CCU4/global_ccu4.o
 .debug_aranges
                0x00001310       0x18 ./Dave/Generated/GLOBAL_CCU4/global_ccu4_conf.o
 .debug_aranges
                0x00001328       0x28 ./Dave/Generated/GLOBAL_CAN/global_can.o
 .debug_aranges
                0x00001350       0x18 ./Dave/Generated/GLOBAL_CAN/global_can_conf.o
 .debug_aranges
                0x00001368       0x30 ./Dave/Generated/GLOBAL_ADC/global_adc.o
 .debug_aranges
                0x00001398       0x18 ./Dave/Generated/GLOBAL_ADC/global_adc_conf.o
 .debug_aranges
                0x000013b0       0x28 ./Dave/Generated/DIGITAL_IO/digital_io.o
 .debug_aranges
                0x000013d8       0x18 ./Dave/Generated/DIGITAL_IO/digital_io_conf.o
 .debug_aranges
                0x000013f0       0x28 ./Dave/Generated/CPU_CTRL_XMC4/cpu_ctrl_xmc4_conf.o
 .debug_aranges
                0x00001418       0x38 ./Dave/Generated/CLOCK_XMC4/clock_xmc4.o
 .debug_aranges
                0x00001450       0x20 ./Dave/Generated/CLOCK_XMC4/clock_xmc4_conf.o
 .debug_aranges
                0x00001470      0x118 ./Dave/Generated/CAN_NODE/can_node.o
 .debug_aranges
                0x00001588       0x18 ./Dave/Generated/CAN_NODE/can_node_conf.o
 .debug_aranges
                0x000015a0       0x88 ./Dave/Generated/ADC_MEASUREMENT/adc_measurement.o
 .debug_aranges
                0x00001628       0x18 ./Dave/Generated/ADC_MEASUREMENT/adc_measurement_conf.o
 .debug_aranges
                0x00001640       0x20 ./Dave/Generated/DAVE.o

.debug_pubnames
 *(.debug_pubnames)

.debug_pubtypes
 *(.debug_pubtypes)

.debug_info     0x00000000    0x27d01
 *(.debug_info .gnu.linkonce.wi.*)
 .debug_info    0x00000000      0xafe ./sources/adc.o
 .debug_info    0x00000afe      0xbac ./sources/aht10.o
 .debug_info    0x000016aa      0x1bd ./sources/app.o
 .debug_info    0x00001867     0x1011 ./sources/can_app.o
 .debug_info    0x00002878      0xd27 ./sources/lcd.o
 .debug_info    0x0000359f      0x6be ./sources/led.o
 .debug_info    0x00003c5d      0x215 ./sources/main.o
 .debug_info    0x00003e72      0xdb1 ./sources/uart.o
 .debug_info    0x00004c23       0x9f ./Startup/startup_XMC4200.o
 .debug_info    0x00004cc2      0xa06 ./Startup/system_XMC4200.o
 .debug_info    0x000056c8      0x5be ./Libraries/XMCLib/src/xmc4_eru.o
 .debug_info    0x00005c86      0x4dd ./Libraries/XMCLib/src/xmc4_gpio.o
 .debug_info    0x00006163     0x26b6 ./Libraries/XMCLib/src/xmc4_scu.o
 .debug_info    0x00008819     0x1440 ./Libraries/XMCLib/src/xmc_can.o
 .debug_info    0x00009c59     0x1702 ./Libraries/XMCLib/src/xmc_ccu4.o
 .debug_info    0x0000b35b      0xb70 ./Libraries/XMCLib/src/xmc_eru.o
 .debug_info    0x0000becb      0x458 ./Libraries/XMCLib/src/xmc_gpio.o
 .debug_info    0x0000c323      0xba3 ./Libraries/XMCLib/src/xmc_i2c.o
 .debug_info    0x0000cec6      0x9d2 ./Libraries/XMCLib/src/xmc_uart.o
 .debug_info    0x0000d898      0xf00 ./Libraries/XMCLib/src/xmc_usic.o
 .debug_info    0x0000e798     0x30cc ./Libraries/XMCLib/src/xmc_vadc.o
 .debug_info    0x00011864      0x11f ./Libraries/Newlib/syscalls.o
 .debug_info    0x00011983     0x1590 ./Dave/Generated/UART/uart.o
 .debug_info    0x00012f13     0x1398 ./Dave/Generated/UART/uart_conf.o
 .debug_info    0x000142ab      0xe34 ./Dave/Generated/TIMER/timer.o
 .debug_info    0x000150df      0x8dd ./Dave/Generated/TIMER/timer_conf.o
 .debug_info    0x000159bc     0x1025 ./Dave/Generated/PIN_INTERRUPT/pin_interrupt.o
 .debug_info    0x000169e1      0xb82 ./Dave/Generated/PIN_INTERRUPT/pin_interrupt_conf.o
 .debug_info    0x00017563      0x8ec ./Dave/Generated/INTERRUPT/interrupt.o
 .debug_info    0x00017e4f      0x3f7 ./Dave/Generated/INTERRUPT/interrupt_conf.o
 .debug_info    0x00018246     0x1218 ./Dave/Generated/I2C_MASTER/i2c_master.o
 .debug_info    0x0001945e      0xf11 ./Dave/Generated/I2C_MASTER/i2c_master_conf.o
 .debug_info    0x0001a36f      0x45f ./Dave/Generated/GLOBAL_CCU4/global_ccu4.o
 .debug_info    0x0001a7ce      0x35f ./Dave/Generated/GLOBAL_CCU4/global_ccu4_conf.o
 .debug_info    0x0001ab2d      0x456 ./Dave/Generated/GLOBAL_CAN/global_can.o
 .debug_info    0x0001af83      0x374 ./Dave/Generated/GLOBAL_CAN/global_can_conf.o
 .debug_info    0x0001b2f7     0x10a9 ./Dave/Generated/GLOBAL_ADC/global_adc.o
 .debug_info    0x0001c3a0     0x105f ./Dave/Generated/GLOBAL_ADC/global_adc_conf.o
 .debug_info    0x0001d3ff      0x597 ./Dave/Generated/DIGITAL_IO/digital_io.o
 .debug_info    0x0001d996      0x4d2 ./Dave/Generated/DIGITAL_IO/digital_io_conf.o
 .debug_info    0x0001de68      0x52e ./Dave/Generated/CPU_CTRL_XMC4/cpu_ctrl_xmc4_conf.o
 .debug_info    0x0001e396      0x2dd ./Dave/Generated/CLOCK_XMC4/clock_xmc4.o
 .debug_info    0x0001e673      0x43e ./Dave/Generated/CLOCK_XMC4/clock_xmc4_conf.o
 .debug_info    0x0001eab1     0x154f ./Dave/Generated/CAN_NODE/can_node.o
 .debug_info    0x00020000      0xd13 ./Dave/Generated/CAN_NODE/can_node_conf.o
 .debug_info    0x00020d13     0x1eea ./Dave/Generated/ADC_MEASUREMENT/adc_measurement.o
 .debug_info    0x00022bfd     0x1941 ./Dave/Generated/ADC_MEASUREMENT/adc_measurement_conf.o
 .debug_info    0x0002453e     0x37c3 ./Dave/Generated/DAVE.o

.debug_abbrev   0x00000000     0x573f
 *(.debug_abbrev)
 .debug_abbrev  0x00000000      0x1d3 ./sources/adc.o
 .debug_abbrev  0x000001d3      0x1f6 ./sources/aht10.o
 .debug_abbrev  0x000003c9       0xc0 ./sources/app.o
 .debug_abbrev  0x00000489      0x24c ./sources/can_app.o
 .debug_abbrev  0x000006d5      0x20e ./sources/lcd.o
 .debug_abbrev  0x000008e3      0x1e2 ./sources/led.o
 .debug_abbrev  0x00000ac5      0x11b ./sources/main.o
 .debug_abbrev  0x00000be0      0x20e ./sources/uart.o
 .debug_abbrev  0x00000dee       0x14 ./Startup/startup_XMC4200.o
 .debug_abbrev  0x00000e02      0x1f1 ./Startup/system_XMC4200.o
 .debug_abbrev  0x00000ff3      0x180 ./Libraries/XMCLib/src/xmc4_eru.o
 .debug_abbrev  0x00001173      0x144 ./Libraries/XMCLib/src/xmc4_gpio.o
 .debug_abbrev  0x000012b7      0x2a3 ./Libraries/XMCLib/src/xmc4_scu.o
 .debug_abbrev  0x0000155a      0x2ee ./Libraries/XMCLib/src/xmc_can.o
 .debug_abbrev  0x00001848      0x232 ./Libraries/XMCLib/src/xmc_ccu4.o
 .debug_abbrev  0x00001a7a      0x22f ./Libraries/XMCLib/src/xmc_eru.o
 .debug_abbrev  0x00001ca9      0x144 ./Libraries/XMCLib/src/xmc_gpio.o
 .debug_abbrev  0x00001ded      0x2af ./Libraries/XMCLib/src/xmc_i2c.o
 .debug_abbrev  0x0000209c      0x225 ./Libraries/XMCLib/src/xmc_uart.o
 .debug_abbrev  0x000022c1      0x24c ./Libraries/XMCLib/src/xmc_usic.o
 .debug_abbrev  0x0000250d      0x282 ./Libraries/XMCLib/src/xmc_vadc.o
 .debug_abbrev  0x0000278f       0xbd ./Libraries/Newlib/syscalls.o
 .debug_abbrev  0x0000284c      0x27e ./Dave/Generated/UART/uart.o
 .debug_abbrev  0x00002aca      0x27b ./Dave/Generated/UART/uart_conf.o
 .debug_abbrev  0x00002d45      0x252 ./Dave/Generated/TIMER/timer.o
 .debug_abbrev  0x00002f97      0x181 ./Dave/Generated/TIMER/timer_conf.o
 .debug_abbrev  0x00003118      0x293 ./Dave/Generated/PIN_INTERRUPT/pin_interrupt.o
 .debug_abbrev  0x000033ab      0x1a1 ./Dave/Generated/PIN_INTERRUPT/pin_interrupt_conf.o
 .debug_abbrev  0x0000354c      0x212 ./Dave/Generated/INTERRUPT/interrupt.o
 .debug_abbrev  0x0000375e       0xd8 ./Dave/Generated/INTERRUPT/interrupt_conf.o
 .debug_abbrev  0x00003836      0x2d0 ./Dave/Generated/I2C_MASTER/i2c_master.o
 .debug_abbrev  0x00003b06      0x20a ./Dave/Generated/I2C_MASTER/i2c_master_conf.o
 .debug_abbrev  0x00003d10      0x196 ./Dave/Generated/GLOBAL_CCU4/global_ccu4.o
 .debug_abbrev  0x00003ea6      0x124 ./Dave/Generated/GLOBAL_CCU4/global_ccu4_conf.o
 .debug_abbrev  0x00003fca      0x17e ./Dave/Generated/GLOBAL_CAN/global_can.o
 .debug_abbrev  0x00004148      0x10c ./Dave/Generated/GLOBAL_CAN/global_can_conf.o
 .debug_abbrev  0x00004254      0x20d ./Dave/Generated/GLOBAL_ADC/global_adc.o
 .debug_abbrev  0x00004461      0x19b ./Dave/Generated/GLOBAL_ADC/global_adc_conf.o
 .debug_abbrev  0x000045fc      0x171 ./Dave/Generated/DIGITAL_IO/digital_io.o
 .debug_abbrev  0x0000476d      0x126 ./Dave/Generated/DIGITAL_IO/digital_io_conf.o
 .debug_abbrev  0x00004893      0x1b4 ./Dave/Generated/CPU_CTRL_XMC4/cpu_ctrl_xmc4_conf.o
 .debug_abbrev  0x00004a47      0x13d ./Dave/Generated/CLOCK_XMC4/clock_xmc4.o
 .debug_abbrev  0x00004b84      0x134 ./Dave/Generated/CLOCK_XMC4/clock_xmc4_conf.o
 .debug_abbrev  0x00004cb8      0x2b8 ./Dave/Generated/CAN_NODE/can_node.o
 .debug_abbrev  0x00004f70      0x19d ./Dave/Generated/CAN_NODE/can_node_conf.o
 .debug_abbrev  0x0000510d      0x294 ./Dave/Generated/ADC_MEASUREMENT/adc_measurement.o
 .debug_abbrev  0x000053a1      0x1a2 ./Dave/Generated/ADC_MEASUREMENT/adc_measurement_conf.o
 .debug_abbrev  0x00005543      0x1fc ./Dave/Generated/DAVE.o

.debug_line     0x00000000     0xca7e
 *(.debug_line)
 .debug_line    0x00000000      0x3e3 ./sources/adc.o
 .debug_line    0x000003e3      0x426 ./sources/aht10.o
 .debug_line    0x00000809      0x250 ./sources/app.o
 .debug_line    0x00000a59      0x525 ./sources/can_app.o
 .debug_line    0x00000f7e      0x4c5 ./sources/lcd.o
 .debug_line    0x00001443      0x454 ./sources/led.o
 .debug_line    0x00001897      0x2da ./sources/main.o
 .debug_line    0x00001b71      0x46c ./sources/uart.o
 .debug_line    0x00001fdd       0x87 ./Startup/startup_XMC4200.o
 .debug_line    0x00002064      0x33e ./Startup/system_XMC4200.o
 .debug_line    0x000023a2      0x2e5 ./Libraries/XMCLib/src/xmc4_eru.o
 .debug_line    0x00002687      0x25c ./Libraries/XMCLib/src/xmc4_gpio.o
 .debug_line    0x000028e3      0xf91 ./Libraries/XMCLib/src/xmc4_scu.o
 .debug_line    0x00003874      0x72a ./Libraries/XMCLib/src/xmc_can.o
 .debug_line    0x00003f9e      0x682 ./Libraries/XMCLib/src/xmc_ccu4.o
 .debug_line    0x00004620      0x325 ./Libraries/XMCLib/src/xmc_eru.o
 .debug_line    0x00004945      0x250 ./Libraries/XMCLib/src/xmc_gpio.o
 .debug_line    0x00004b95      0x41f ./Libraries/XMCLib/src/xmc_i2c.o
 .debug_line    0x00004fb4      0x3fb ./Libraries/XMCLib/src/xmc_uart.o
 .debug_line    0x000053af      0x584 ./Libraries/XMCLib/src/xmc_usic.o
 .debug_line    0x00005933      0xb54 ./Libraries/XMCLib/src/xmc_vadc.o
 .debug_line    0x00006487       0xd0 ./Libraries/Newlib/syscalls.o
 .debug_line    0x00006557      0x62c ./Dave/Generated/UART/uart.o
 .debug_line    0x00006b83      0x3f0 ./Dave/Generated/UART/uart_conf.o
 .debug_line    0x00006f73      0x5f8 ./Dave/Generated/TIMER/timer.o
 .debug_line    0x0000756b      0x371 ./Dave/Generated/TIMER/timer_conf.o
 .debug_line    0x000078dc      0x453 ./Dave/Generated/PIN_INTERRUPT/pin_interrupt.o
 .debug_line    0x00007d2f      0x2ff ./Dave/Generated/PIN_INTERRUPT/pin_interrupt_conf.o
 .debug_line    0x0000802e      0x377 ./Dave/Generated/INTERRUPT/interrupt.o
 .debug_line    0x000083a5      0x24c ./Dave/Generated/INTERRUPT/interrupt_conf.o
 .debug_line    0x000085f1      0x654 ./Dave/Generated/I2C_MASTER/i2c_master.o
 .debug_line    0x00008c45      0x3ab ./Dave/Generated/I2C_MASTER/i2c_master_conf.o
 .debug_line    0x00008ff0      0x39c ./Dave/Generated/GLOBAL_CCU4/global_ccu4.o
 .debug_line    0x0000938c      0x2eb ./Dave/Generated/GLOBAL_CCU4/global_ccu4_conf.o
 .debug_line    0x00009677      0x375 ./Dave/Generated/GLOBAL_CAN/global_can.o
 .debug_line    0x000099ec      0x2d9 ./Dave/Generated/GLOBAL_CAN/global_can_conf.o
 .debug_line    0x00009cc5      0x3a8 ./Dave/Generated/GLOBAL_ADC/global_adc.o
 .debug_line    0x0000a06d      0x2da ./Dave/Generated/GLOBAL_ADC/global_adc_conf.o
 .debug_line    0x0000a347      0x2dd ./Dave/Generated/DIGITAL_IO/digital_io.o
 .debug_line    0x0000a624      0x244 ./Dave/Generated/DIGITAL_IO/digital_io_conf.o
 .debug_line    0x0000a868      0x2bd ./Dave/Generated/CPU_CTRL_XMC4/cpu_ctrl_xmc4_conf.o
 .debug_line    0x0000ab25      0x313 ./Dave/Generated/CLOCK_XMC4/clock_xmc4.o
 .debug_line    0x0000ae38      0x2e9 ./Dave/Generated/CLOCK_XMC4/clock_xmc4_conf.o
 .debug_line    0x0000b121      0x6ab ./Dave/Generated/CAN_NODE/can_node.o
 .debug_line    0x0000b7cc      0x385 ./Dave/Generated/CAN_NODE/can_node_conf.o
 .debug_line    0x0000bb51      0x576 ./Dave/Generated/ADC_MEASUREMENT/adc_measurement.o
 .debug_line    0x0000c0c7      0x37e ./Dave/Generated/ADC_MEASUREMENT/adc_measurement_conf.o
 .debug_line    0x0000c445      0x639 ./Dave/Generated/DAVE.o

.debug_frame    0x00000000     0x5de4
 *(.debug_frame)
 .debug_frame   0x00000000       0x50 ./sources/adc.o
 .debug_frame   0x00000050       0x68 ./sources/aht10.o
 .debug_frame   0x000000b8       0x48 ./sources/app.o
 .debug_frame   0x00000100      0x140 ./sources/can_app.o
 .debug_frame   0x00000240      0x194 ./sources/lcd.o
 .debug_frame   0x000003d4      0x134 ./sources/led.o
 .debug_frame   0x00000508       0x64 ./sources/main.o
 .debug_frame   0x0000056c       0xa4 ./sources/uart.o
 .debug_frame   0x00000610       0xec ./Startup/system_XMC4200.o
 .debug_frame   0x000006fc       0x60 ./Libraries/XMCLib/src/xmc4_eru.o
 .debug_frame   0x0000075c       0x60 ./Libraries/XMCLib/src/xmc4_gpio.o
 .debug_frame   0x000007bc     0x139c ./Libraries/XMCLib/src/xmc4_scu.o
 .debug_frame   0x00001b58      0x538 ./Libraries/XMCLib/src/xmc_can.o
 .debug_frame   0x00002090      0x5b0 ./Libraries/XMCLib/src/xmc_ccu4.o
 .debug_frame   0x00002640      0x240 ./Libraries/XMCLib/src/xmc_eru.o
 .debug_frame   0x00002880       0x60 ./Libraries/XMCLib/src/xmc_gpio.o
 .debug_frame   0x000028e0      0x308 ./Libraries/XMCLib/src/xmc_i2c.o
 .debug_frame   0x00002be8      0x1f0 ./Libraries/XMCLib/src/xmc_uart.o
 .debug_frame   0x00002dd8      0x330 ./Libraries/XMCLib/src/xmc_usic.o
 .debug_frame   0x00003108      0xc00 ./Libraries/XMCLib/src/xmc_vadc.o
 .debug_frame   0x00003d08       0x5c ./Libraries/Newlib/syscalls.o
 .debug_frame   0x00003d64      0x474 ./Dave/Generated/UART/uart.o
 .debug_frame   0x000041d8      0x184 ./Dave/Generated/UART/uart_conf.o
 .debug_frame   0x0000435c      0x3ec ./Dave/Generated/TIMER/timer.o
 .debug_frame   0x00004748      0x178 ./Dave/Generated/PIN_INTERRUPT/pin_interrupt.o
 .debug_frame   0x000048c0      0x124 ./Dave/Generated/INTERRUPT/interrupt.o
 .debug_frame   0x000049e4      0x424 ./Dave/Generated/I2C_MASTER/i2c_master.o
 .debug_frame   0x00004e08      0x154 ./Dave/Generated/I2C_MASTER/i2c_master_conf.o
 .debug_frame   0x00004f5c       0x88 ./Dave/Generated/GLOBAL_CCU4/global_ccu4.o
 .debug_frame   0x00004fe4       0x60 ./Dave/Generated/GLOBAL_CAN/global_can.o
 .debug_frame   0x00005044       0x88 ./Dave/Generated/GLOBAL_ADC/global_adc.o
 .debug_frame   0x000050cc       0x60 ./Dave/Generated/DIGITAL_IO/digital_io.o
 .debug_frame   0x0000512c       0x60 ./Dave/Generated/CPU_CTRL_XMC4/cpu_ctrl_xmc4_conf.o
 .debug_frame   0x0000518c       0xac ./Dave/Generated/CLOCK_XMC4/clock_xmc4.o
 .debug_frame   0x00005238       0x3c ./Dave/Generated/CLOCK_XMC4/clock_xmc4_conf.o
 .debug_frame   0x00005274      0x510 ./Dave/Generated/CAN_NODE/can_node.o
 .debug_frame   0x00005784      0x240 ./Dave/Generated/ADC_MEASUREMENT/adc_measurement.o
 .debug_frame   0x000059c4       0x38 ./Dave/Generated/DAVE.o
 .debug_frame   0x000059fc       0x20 c:/infineon/tools/dave ide/4.5.0.202105191637/eclipse/arm-gcc-49/bin/../lib/gcc/arm-none-eabi/4.9.3/../../../../arm-none-eabi/lib/armv7e-m/softfp\libg_nano.a(lib_a-errno.o)
 .debug_frame   0x00005a1c       0x2c c:/infineon/tools/dave ide/4.5.0.202105191637/eclipse/arm-gcc-49/bin/../lib/gcc/arm-none-eabi/4.9.3/../../../../arm-none-eabi/lib/armv7e-m/softfp\libg_nano.a(lib_a-init.o)
 .debug_frame   0x00005a48       0x28 c:/infineon/tools/dave ide/4.5.0.202105191637/eclipse/arm-gcc-49/bin/../lib/gcc/arm-none-eabi/4.9.3/../../../../arm-none-eabi/lib/armv7e-m/softfp\libg_nano.a(lib_a-memcpy.o)
 .debug_frame   0x00005a70       0x74 c:/infineon/tools/dave ide/4.5.0.202105191637/eclipse/arm-gcc-49/bin/../lib/gcc/arm-none-eabi/4.9.3/../../../../arm-none-eabi/lib/armv7e-m/softfp\libg_nano.a(lib_a-snprintf.o)
 .debug_frame   0x00005ae4       0x70 c:/infineon/tools/dave ide/4.5.0.202105191637/eclipse/arm-gcc-49/bin/../lib/gcc/arm-none-eabi/4.9.3/../../../../arm-none-eabi/lib/armv7e-m/softfp\libg_nano.a(lib_a-sprintf.o)
 .debug_frame   0x00005b54       0x20 c:/infineon/tools/dave ide/4.5.0.202105191637/eclipse/arm-gcc-49/bin/../lib/gcc/arm-none-eabi/4.9.3/../../../../arm-none-eabi/lib/armv7e-m/softfp\libg_nano.a(lib_a-strlen.o)
 .debug_frame   0x00005b74       0x8c c:/infineon/tools/dave ide/4.5.0.202105191637/eclipse/arm-gcc-49/bin/../lib/gcc/arm-none-eabi/4.9.3/../../../../arm-none-eabi/lib/armv7e-m/softfp\libg_nano.a(lib_a-nano-svfprintf.o)
 .debug_frame   0x00005c00       0x58 c:/infineon/tools/dave ide/4.5.0.202105191637/eclipse/arm-gcc-49/bin/../lib/gcc/arm-none-eabi/4.9.3/../../../../arm-none-eabi/lib/armv7e-m/softfp\libg_nano.a(lib_a-nano-vfprintf_i.o)
 .debug_frame   0x00005c58       0x28 c:/infineon/tools/dave ide/4.5.0.202105191637/eclipse/arm-gcc-49/bin/../lib/gcc/arm-none-eabi/4.9.3/../../../../arm-none-eabi/lib/armv7e-m/softfp\libg_nano.a(lib_a-memchr.o)
 .debug_frame   0x00005c80       0x28 c:/infineon/tools/dave ide/4.5.0.202105191637/eclipse/arm-gcc-49/bin/../lib/gcc/arm-none-eabi/4.9.3/../../../../arm-none-eabi/lib/armv7e-m/softfp\libg_nano.a(lib_a-memmove.o)
 .debug_frame   0x00005ca8       0x2c c:/infineon/tools/dave ide/4.5.0.202105191637/eclipse/arm-gcc-49/bin/../lib/gcc/arm-none-eabi/4.9.3/../../../../arm-none-eabi/lib/armv7e-m/softfp\libg_nano.a(lib_a-nano-freer.o)
 .debug_frame   0x00005cd4       0x2c c:/infineon/tools/dave ide/4.5.0.202105191637/eclipse/arm-gcc-49/bin/../lib/gcc/arm-none-eabi/4.9.3/../../../../arm-none-eabi/lib/armv7e-m/softfp\libg_nano.a(lib_a-nano-mallocr.o)
 .debug_frame   0x00005d00       0x3c c:/infineon/tools/dave ide/4.5.0.202105191637/eclipse/arm-gcc-49/bin/../lib/gcc/arm-none-eabi/4.9.3/../../../../arm-none-eabi/lib/armv7e-m/softfp\libg_nano.a(lib_a-nano-reallocr.o)
 .debug_frame   0x00005d3c       0x2c c:/infineon/tools/dave ide/4.5.0.202105191637/eclipse/arm-gcc-49/bin/../lib/gcc/arm-none-eabi/4.9.3/../../../../arm-none-eabi/lib/armv7e-m/softfp\libg_nano.a(lib_a-sbrkr.o)
 .debug_frame   0x00005d68       0x20 c:/infineon/tools/dave ide/4.5.0.202105191637/eclipse/arm-gcc-49/bin/../lib/gcc/arm-none-eabi/4.9.3/../../../../arm-none-eabi/lib/armv7e-m/softfp\libg_nano.a(lib_a-nano-msizer.o)
 .debug_frame   0x00005d88       0x5c c:/infineon/tools/dave ide/4.5.0.202105191637/eclipse/arm-gcc-49/bin/../lib/gcc/arm-none-eabi/4.9.3/../../../../arm-none-eabi/lib/armv7e-m/softfp\libg_nano.a(lib_a-reent.o)

.debug_str      0x00000000     0xdf7a
 *(.debug_str)
 .debug_str     0x00000000      0x923 ./sources/adc.o
                                0x9b7 (size before relaxing)
 .debug_str     0x00000923      0x9df ./sources/aht10.o
                                0xe83 (size before relaxing)
 .debug_str     0x00001302       0x22 ./sources/app.o
                                0x2ae (size before relaxing)
 .debug_str     0x00001324      0xf65 ./sources/can_app.o
                               0x14c8 (size before relaxing)
 .debug_str     0x00002289       0xb9 ./sources/lcd.o
                                0xe72 (size before relaxing)
 .debug_str     0x00002342      0x187 ./sources/led.o
                                0xad5 (size before relaxing)
 .debug_str     0x000024c9       0x77 ./sources/main.o
                                0x314 (size before relaxing)
 .debug_str     0x00002540      0x3ed ./sources/uart.o
                               0x1088 (size before relaxing)
 .debug_str     0x0000292d      0x382 ./Startup/system_XMC4200.o
                                0x65b (size before relaxing)
 .debug_str     0x00002caf      0x502 ./Libraries/XMCLib/src/xmc4_eru.o
                                0x7a6 (size before relaxing)
 .debug_str     0x000031b1       0x4d ./Libraries/XMCLib/src/xmc4_gpio.o
                                0x7fe (size before relaxing)
 .debug_str     0x000031fe     0x2174 ./Libraries/XMCLib/src/xmc4_scu.o
                               0x2b9b (size before relaxing)
 .debug_str     0x00005372      0x929 ./Libraries/XMCLib/src/xmc_can.o
                               0x130d (size before relaxing)
 .debug_str     0x00005c9b     0x14fa ./Libraries/XMCLib/src/xmc_ccu4.o
                               0x1c95 (size before relaxing)
 .debug_str     0x00007195      0x9c5 ./Libraries/XMCLib/src/xmc_eru.o
                                0xd0a (size before relaxing)
 .debug_str     0x00007b5a       0x50 ./Libraries/XMCLib/src/xmc_gpio.o
                                0x6ac (size before relaxing)
 .debug_str     0x00007baa      0x91a ./Libraries/XMCLib/src/xmc_i2c.o
                                0xd65 (size before relaxing)
 .debug_str     0x000084c4      0x4cd ./Libraries/XMCLib/src/xmc_uart.o
                                0xbd0 (size before relaxing)
 .debug_str     0x00008991      0x8db ./Libraries/XMCLib/src/xmc_usic.o
                               0x13c9 (size before relaxing)
 .debug_str     0x0000926c     0x1f3a ./Libraries/XMCLib/src/xmc_vadc.o
                               0x2b31 (size before relaxing)
 .debug_str     0x0000b1a6       0x6a ./Libraries/Newlib/syscalls.o
                                0x23a (size before relaxing)
 .debug_str     0x0000b210      0x829 ./Dave/Generated/UART/uart.o
                               0x1d0b (size before relaxing)
 .debug_str     0x0000ba39      0x1c6 ./Dave/Generated/UART/uart_conf.o
                               0x187d (size before relaxing)
 .debug_str     0x0000bbff      0x4eb ./Dave/Generated/TIMER/timer.o
                                0xc5a (size before relaxing)
 .debug_str     0x0000c0ea      0x29a ./Dave/Generated/TIMER/timer_conf.o
                                0xb9f (size before relaxing)
 .debug_str     0x0000c384      0x200 ./Dave/Generated/PIN_INTERRUPT/pin_interrupt.o
                               0x120d (size before relaxing)
 .debug_str     0x0000c584       0x45 ./Dave/Generated/PIN_INTERRUPT/pin_interrupt_conf.o
                               0x119d (size before relaxing)
 .debug_str     0x0000c5c9       0x39 ./Dave/Generated/INTERRUPT/interrupt.o
                                0x940 (size before relaxing)
 .debug_str     0x0000c602       0x2d ./Dave/Generated/INTERRUPT/interrupt_conf.o
                                0x70e (size before relaxing)
 .debug_str     0x0000c62f      0x2a5 ./Dave/Generated/I2C_MASTER/i2c_master.o
                               0x1312 (size before relaxing)
 .debug_str     0x0000c8d4      0x14f ./Dave/Generated/I2C_MASTER/i2c_master_conf.o
                               0x14c5 (size before relaxing)
 .debug_str     0x0000ca23       0xb5 ./Dave/Generated/GLOBAL_CCU4/global_ccu4.o
                                0x5bd (size before relaxing)