   1              	 .syntax unified
   2              	 .cpu cortex-m4
   3              	 .eabi_attribute 27,3
   4              	 .fpu fpv4-sp-d16
   5              	 .eabi_attribute 20,1
   6              	 .eabi_attribute 21,1
   7              	 .eabi_attribute 23,3
   8              	 .eabi_attribute 24,1
   9              	 .eabi_attribute 25,1
  10              	 .eabi_attribute 26,1
  11              	 .eabi_attribute 30,4
  12              	 .eabi_attribute 34,1
  13              	 .eabi_attribute 18,4
  14              	 .thumb
  15              	 .file "bluetooth.c"
  16              	 .section .text.Bluetooth_SendString,"ax",%progbits
  17              	 .align 1
  18              	 .global Bluetooth_SendString
  19              	 .thumb
  20              	 .thumb_func
  22              	Bluetooth_SendString:
  23              	 
  24              	 
  25 0000 10B5     	 push {r4,lr}
  26 0002 0446     	 mov r4,r0
  27 0004 FFF7FEFF 	 bl strlen
  28 0008 2146     	 mov r1,r4
  29 000a 0246     	 mov r2,r0
  30 000c BDE81040 	 pop {r4,lr}
  31 0010 0148     	 ldr r0,.L2
  32 0012 FFF7FEBF 	 b UART_Transmit
  33              	.L3:
  34 0016 00BF     	 .align 2
  35              	.L2:
  36 0018 00000000 	 .word UART_1
  38              	 .section .text.Bluetooth_Init,"ax",%progbits
  39              	 .align 1
  40              	 .global Bluetooth_Init
  41              	 .thumb
  42              	 .thumb_func
  44              	Bluetooth_Init:
  45              	 
  46              	 
  47              	 
  48 0000 0148     	 ldr r0,.L5
  49 0002 FFF7FEBF 	 b Bluetooth_SendString
  50              	.L6:
  51 0006 00BF     	 .align 2
  52              	.L5:
  53 0008 00000000 	 .word .LC0
  55              	 .section .text.Bluetooth_ProcessCommand,"ax",%progbits
  56              	 .align 1
  57              	 .global Bluetooth_ProcessCommand
  58              	 .thumb
  59              	 .thumb_func
  61              	Bluetooth_ProcessCommand:
  62              	 
  63              	 
  64 0000 3328     	 cmp r0,#51
  65 0002 08B5     	 push {r3,lr}
  66 0004 0AD1     	 bne .L8
  67 0006 0220     	 movs r0,#2
  68 0008 FFF7FEFF 	 bl LCD_SetPage
  69 000c 0548     	 ldr r0,.L10
  70 000e FFF7FEFF 	 bl LCD_ShowMessage
  71 0012 0548     	 ldr r0,.L10+4
  72 0014 BDE80840 	 pop {r3,lr}
  73 0018 FFF7FEBF 	 b Bluetooth_SendString
  74              	.L8:
  75 001c BDE80840 	 pop {r3,lr}
  76 0020 FFF7FEBF 	 b APP_UART_ProcessCommand
  77              	.L11:
  78              	 .align 2
  79              	.L10:
  80 0024 0F000000 	 .word .LC1
  81 0028 18000000 	 .word .LC2
  83              	 .section .text.Bluetooth_Task,"ax",%progbits
  84              	 .align 1
  85              	 .global Bluetooth_Task
  86              	 .thumb
  87              	 .thumb_func
  89              	Bluetooth_Task:
  90              	 
  91              	 
  92 0000 38B5     	 push {r3,r4,r5,lr}
  93 0002 074C     	 ldr r4,.L17
  94 0004 0748     	 ldr r0,.L17+4
  95 0006 2146     	 mov r1,r4
  96 0008 0122     	 movs r2,#1
  97 000a FFF7FEFF 	 bl UART_Receive
  98 000e 0546     	 mov r5,r0
  99 0010 20B9     	 cbnz r0,.L12
 100 0012 2078     	 ldrb r0,[r4]
 101 0014 10B1     	 cbz r0,.L12
 102 0016 FFF7FEFF 	 bl Bluetooth_ProcessCommand
 103 001a 2570     	 strb r5,[r4]
 104              	.L12:
 105 001c 38BD     	 pop {r3,r4,r5,pc}
 106              	.L18:
 107 001e 00BF     	 .align 2
 108              	.L17:
 109 0020 00000000 	 .word .LANCHOR0
 110 0024 00000000 	 .word UART_1
 112              	 .section .bss.bt_rx,"aw",%nobits
 113              	 .set .LANCHOR0,.+0
 116              	bt_rx:
 117 0000 00       	 .space 1
 118              	 .section .rodata.str1.1,"aMS",%progbits,1
 119              	.LC0:
 120 0000 426C7565 	 .ascii "Bluetooth OK\015\012\000"
 120      746F6F74 
 120      68204F4B 
 120      0D0A00
 121              	.LC1:
 122 000f 4F6C6120 	 .ascii "Ola ISEP\000"
 122      49534550 
 122      00
 123              	.LC2:
 124 0018 50616769 	 .ascii "Pagina Bluetooth\015\012\000"
 124      6E612042 
 124      6C756574 
 124      6F6F7468 
 124      0D0A00
 125              	 .ident "GCC: (GNU Tools for ARM Embedded Processors) 4.9.3 20141119 (release) [ARM/embedded-4_9-branch revision 218278]"
DEFINED SYMBOLS
                            *ABS*:00000000 bluetooth.c
    {standard input}:17     .text.Bluetooth_SendString:00000000 $t
    {standard input}:22     .text.Bluetooth_SendString:00000000 Bluetooth_SendString
    {standard input}:36     .text.Bluetooth_SendString:00000018 $d
    {standard input}:39     .text.Bluetooth_Init:00000000 $t
    {standard input}:44     .text.Bluetooth_Init:00000000 Bluetooth_Init
    {standard input}:53     .text.Bluetooth_Init:00000008 $d
    {standard input}:56     .text.Bluetooth_ProcessCommand:00000000 $t
    {standard input}:61     .text.Bluetooth_ProcessCommand:00000000 Bluetooth_ProcessCommand
    {standard input}:80     .text.Bluetooth_ProcessCommand:00000024 $d
    {standard input}:84     .text.Bluetooth_Task:00000000 $t
    {standard input}:89     .text.Bluetooth_Task:00000000 Bluetooth_Task
    {standard input}:109    .text.Bluetooth_Task:00000020 $d
    {standard input}:116    .bss.bt_rx:00000000 bt_rx
    {standard input}:117    .bss.bt_rx:00000000 $d

UNDEFINED SYMBOLS
strlen
UART_Transmit
UART_1
LCD_SetPage
LCD_ShowMessage
APP_UART_ProcessCommand
UART_Receive
